Microchip MPLAB XC8 Compiler V1.45 ()

Linker command line:

-W-3 --edf=C:\Program Files (x86)\Microchip\xc8\v1.45\dat\en_msgs.txt -cs \
  -h+dist/default/production\interface.X.production.sym \
  --cmf=dist/default/production\interface.X.production.cmf -z -Q18F46K80 \
  -oC:\Users\HSAINT~1\AppData\Local\Temp\sam8.2 \
  -Mdist/default/production/interface.X.production.map -E1 -ver=XC8 \
  -ASTACK=010Fh-0e40h -pstack=STACK -ACODE=00h-0FFFFh -ACONST=00h-0FFFFh \
  -ASMALLCONST=0F00h-0FFFhx241 -AMEDIUMCONST=0F00h-0FFFFh -ACOMRAM=01h-05Fh \
  -AABS1=00h-0E40h -ABIGRAM=01h-0E40h \
  -ARAM=060h-0FFh,0100h-01FFhx13,0E00h-0E40h -ABANK0=060h-0FFh \
  -ABANK1=0100h-01FFh -ABANK2=0200h-02FFh -ABANK3=0300h-03FFh \
  -ABANK4=0400h-04FFh -ABANK5=0500h-05FFh -ABANK6=0600h-06FFh \
  -ABANK7=0700h-07FFh -ABANK8=0800h-08FFh -ABANK9=0900h-09FFh \
  -ABANK10=0A00h-0AFFh -ABANK11=0B00h-0BFFh -ABANK12=0C00h-0CFFh \
  -ABANK13=0D00h-0DFFh -ABANK14=0E00h-0E40h \
  -ASFR=0E41h-0EFFh,0F00h-0F5Fh,0F60h-0FFFh \
  -preset_vec=00h,intcode=08h,intcodelo,powerup,init -pramtop=0F00h \
  -psmallconst=SMALLCONST -pmediumconst=MEDIUMCONST -pconst=CONST \
  -AFARRAM=00h-00h -ACONFIG=0300000h-030000Dh -pconfig=CONFIG \
  -AIDLOC=0200000h-0200007h -pidloc=IDLOC -AEEDATA=0F00000h-0F003FFh \
  -peeprom_data=EEDATA \
  -prdata=COMRAM,nvrram=COMRAM,nvbit=COMRAM,rbss=COMRAM,rbit=COMRAM \
  -pfarbss=FARRAM,fardata=FARRAM,nvFARRAM=FARRAM \
  -pintsave_regs=BIGRAM,bigbss=BIGRAM,bigdata=BIGRAM -pbss=RAM \
  -pidata=CODE,irdata=CODE,ibigdata=CODE,ifardata=CODE -prparam=COMRAM \
  C:\Users\HSAINT~1\AppData\Local\Temp\sam8.obj \
  dist/default/production\interface.X.production.obj 

Object code version is 3.11

Machine type is 18F46K80

Call graph: (short form)




                Name                               Link     Load   Length Selector   Space Scale
C:\Users\HSAINT~1\AppData\Local\Temp\sam8.obj
                init                                138      138        4        4       0
                reset_vec                             0        0        4        0       0
                idloc                            200000   200000        8   200000       0
                config                           300000   300000        E   300000       0
dist/default/production\interface.X.production.obj
                intcode                               8        8      130        4       0
                temp                                 5E       5E        1        1       1
                mediumconst                        FB38     FB38      4C8     7D9C       0
                text74                             1820     1820       2E        4       0
                text73                             17C2     17C2       30        4       0
                text72                             1792     1792       30        4       0
                text71                             1A0C     1A0C       1A        4       0
                text70                             14F8     14F8       52        4       0
                text69                             166E     166E       42        4       0
                text68                             1A98     1A98        C        4       0
                text67                              AD0      AD0      12E        4       0
                text66                             1450     1450       56        4       0
                text65                             154A     154A       50        4       0
                text64                             15E8     15E8       44        4       0
                text63                             1B2C     1B2C        2      D8F       0
                text62                             19B2     19B2       20        4       0
                text61                             1B2A     1B2A        2      D8F       0
                text60                             1992     1992       20        4       0
                text59                             1B28     1B28        2      D8F       0
                text58                             1972     1972       20        4       0
                text57                             1B26     1B26        2      D8F       0
                text56                             1952     1952       20        4       0
                text55                             19F0     19F0       1C        4       0
                text54                             1214     1214       84        4       0
                text53                             18CC     18CC       26        4       0
                text52                             1A8C     1A8C        C        4       0
                text51                             1A7E     1A7E        E        4       0
                text50                             1B10     1B10        8        4       0
                text49                             16EE     16EE       3E        4       0
                text48                              F14      F14       F6        4       0
                text47                              BFE      BFE      11C        4       0
                text46                             16B0     16B0       3E        4       0
                text45                              7F6      7F6      19E        4       0
                text44                              E1E      E1E       F6        4       0
                text43                              656      656      1A0        4       0
                text42                             10C8     10C8       B4        4       0
                text41                              4B6      4B6      1A0        4       0
                text40                             1760     1760       32        4       0
                text39                              13C      13C      1D0        4       0
                text38                             1B24     1B24        2      D8F       0
                text37                             1932     1932       20        4       0
                text36                             1912     1912       20        4       0
                text35                             1A26     1A26       18        4       0
                text34                             187A     187A       2A        4       0
                text33                             17F2     17F2       2E        4       0
                text31                             1AFE     1AFE        A        4       0
                text30                             1AF4     1AF4        A        4       0
                text29                             14A6     14A6       52        4       0
                text28                             1AEA     1AEA        A        4       0
                text27                             1AE0     1AE0        A        4       0
                text26                             13F0     13F0       60        4       0
                text25                             1AD6     1AD6        A        4       0
                text24                             184E     184E       2C        4       0
                text23                             1B1E     1B1E        4      D8F       0
                text22                             1A50     1A50       12        4       0
                text21                             1ACC     1ACC        A        4       0
                text20                             1AC2     1AC2        A        4       0
                text19                             1AB8     1AB8        A        4       0
                text18                             1AAE     1AAE        A        4       0
                text17                             1298     1298       7C        4       0
                text16                             1AA4     1AA4        A        4       0
                text15                             18F2     18F2       20        4       0
                text14                             19D2     19D2       1E        4       0
                text13                             1A70     1A70        E        4       0
                text12                             1A3E     1A3E       12        4       0
                text11                              994      994      13C        4       0
                text10                             18A4     18A4       28        4       0
                text9                              1B08     1B08        8        4       0
                text8                              159A     159A       4E        4       0
                text7                               D1A      D1A      104        4       0
                text6                              100A     100A       BE        4       0
                text5                              1314     1314       76        4       0
                text4                              162C     162C       42        4       0
                text3                               30C      30C      1AA        4       0
                text2                              1A62     1A62        E        4       0
                text1                              172C     172C       34        4       0
                text0                              117C     117C       98        4       0
                cstackCOMRAM                          1        1       48        1       1
                cstackBANK0                          B9       B9       28       60       1
                bssBANK1                            100      100        F      100       1
                dataBANK0                            F7       F7        5       60       1
                bssBANK0                             60       60       59       60       1
                dataCOMRAM                           5C       5C        2        1       1
                bssCOMRAM                            49       49       13        1       1
                cinit                              138A     138A       66        4       0
                nvBANK0                              E1       E1       16       60       1
                idataBANK0                         1B18     1B18        5        4       0
                idataCOMRAM                        1B22     1B22        2      D8F       0

TOTAL           Name                               Link     Load   Length     Space
        CLASS   STACK          

        CLASS   CODE           
                intcode                               8        8      130         0
                init                                138      138        4         0
                reset_vec                             0        0        4         0
                text74                             1820     1820       2E         0
                text73                             17C2     17C2       30         0
                text72                             1792     1792       30         0
                text71                             1A0C     1A0C       1A         0
                text70                             14F8     14F8       52         0
                text69                             166E     166E       42         0
                text68                             1A98     1A98        C         0
                text67                              AD0      AD0      12E         0
                text66                             1450     1450       56         0
                text65                             154A     154A       50         0
                text64                             15E8     15E8       44         0
                text63                             1B2C     1B2C        2         0
                text62                             19B2     19B2       20         0
                text61                             1B2A     1B2A        2         0
                text60                             1992     1992       20         0
                text59                             1B28     1B28        2         0
                text58                             1972     1972       20         0
                text57                             1B26     1B26        2         0
                text56                             1952     1952       20         0
                text55                             19F0     19F0       1C         0
                text54                             1214     1214       84         0
                text53                             18CC     18CC       26         0
                text52                             1A8C     1A8C        C         0
                text51                             1A7E     1A7E        E         0
                text50                             1B10     1B10        8         0
                text49                             16EE     16EE       3E         0
                text48                              F14      F14       F6         0
                text47                              BFE      BFE      11C         0
                text46                             16B0     16B0       3E         0
                text45                              7F6      7F6      19E         0
                text44                              E1E      E1E       F6         0
                text43                              656      656      1A0         0
                text42                             10C8     10C8       B4         0
                text41                              4B6      4B6      1A0         0
                text40                             1760     1760       32         0
                text39                              13C      13C      1D0         0
                text38                             1B24     1B24        2         0
                text37                             1932     1932       20         0
                text36                             1912     1912       20         0
                text35                             1A26     1A26       18         0
                text34                             187A     187A       2A         0
                text33                             17F2     17F2       2E         0
                text31                             1AFE     1AFE        A         0
                text30                             1AF4     1AF4        A         0
                text29                             14A6     14A6       52         0
                text28                             1AEA     1AEA        A         0
                text27                             1AE0     1AE0        A         0
                text26                             13F0     13F0       60         0
                text25                             1AD6     1AD6        A         0
                text24                             184E     184E       2C         0
                text23                             1B1E     1B1E        4         0
                text22                             1A50     1A50       12         0
                text21                             1ACC     1ACC        A         0
                text20                             1AC2     1AC2        A         0
                text19                             1AB8     1AB8        A         0
                text18                             1AAE     1AAE        A         0
                text17                             1298     1298       7C         0
                text16                             1AA4     1AA4        A         0
                text15                             18F2     18F2       20         0
                text14                             19D2     19D2       1E         0
                text13                             1A70     1A70        E         0
                text12                             1A3E     1A3E       12         0
                text11                              994      994      13C         0
                text10                             18A4     18A4       28         0
                text9                              1B08     1B08        8         0
                text8                              159A     159A       4E         0
                text7                               D1A      D1A      104         0
                text6                              100A     100A       BE         0
                text5                              1314     1314       76         0
                text4                              162C     162C       42         0
                text3                               30C      30C      1AA         0
                text2                              1A62     1A62        E         0
                text1                              172C     172C       34         0
                text0                              117C     117C       98         0
                cinit                              138A     138A       66         0
                idataBANK0                         1B18     1B18        5         0
                idataCOMRAM                        1B22     1B22        2         0

        CLASS   CONST          

        CLASS   SMALLCONST     

        CLASS   MEDIUMCONST    
                mediumconst                        FB38     FB38      4C8         0

        CLASS   COMRAM         
                temp                                 5E       5E        1         1
                cstackCOMRAM                          1        1       48         1
                dataCOMRAM                           5C       5C        2         1
                bssCOMRAM                            49       49       13         1

        CLASS   ABS1           

        CLASS   BIGRAM         

        CLASS   RAM            

        CLASS   BANK0          
                cstackBANK0                          B9       B9       28         1
                dataBANK0                            F7       F7        5         1
                bssBANK0                             60       60       59         1
                nvBANK0                              E1       E1       16         1

        CLASS   BANK1          
                bssBANK1                            100      100        F         1

        CLASS   BANK2          

        CLASS   BANK3          

        CLASS   BANK4          

        CLASS   BANK5          

        CLASS   BANK6          

        CLASS   BANK7          

        CLASS   BANK8          

        CLASS   BANK9          

        CLASS   BANK10         

        CLASS   BANK11         

        CLASS   BANK12         

        CLASS   BANK13         

        CLASS   BANK14         

        CLASS   SFR            

        CLASS   FARRAM         

        CLASS   CONFIG         
                config                           300000   300000        E         0

        CLASS   IDLOC          
                idloc                            200000   200000        8         0

        CLASS   EEDATA         



SEGMENTS        Name                           Load    Length   Top    Selector   Space  Class

                reset_vec                      000000  000004  000004         0       0  CODE    
                cstackCOMRAM                   000001  00005E  00005F         1       1  COMRAM  
                intcode                        000008  001B15  001B1D         4       0  CODE    
                bssBANK0                       000060  00009C  0000FC        60       1  BANK0   
                bssBANK1                       000100  00000F  00010F       100       1  BANK1   
                text23                         001B1E  000010  001B2E       D8F       0  CODE    
                mediumconst                    00FB38  0004C8  010000      7D9C       0  MEDIUMCO
                idloc                          200000  000008  200008    200000       0  IDLOC   
                config                         300000  00000E  30000E    300000       0  CONFIG  


UNUSED ADDRESS RANGES

        Name                Unused          Largest block    Delta
        BANK0            0000FC-0000FF                4
        BANK1            00010F-0001FF               F1
        BANK10           000A00-000AFF              100
        BANK11           000B00-000BFF              100
        BANK12           000C00-000CFF              100
        BANK13           000D00-000DFF              100
        BANK14           000E00-000E40               41
        BANK2            000200-0002FF              100
        BANK3            000300-0003FF              100
        BANK4            000400-0004FF              100
        BANK5            000500-0005FF              100
        BANK6            000600-0006FF              100
        BANK7            000700-0007FF              100
        BANK8            000800-0008FF              100
        BANK9            000900-0009FF              100
        BIGRAM           00005F-00005F                1
                         0000FC-0000FF                4
                         00010F-000E40              D32
        CODE             000004-000007                4
                         001B1D-001B1D                1
                         001B2E-00FB37             E00A
        COMRAM           00005F-00005F                1
        CONST            000004-000007                4
                         001B1D-001B1D                1
                         001B2E-00FB37             E00A
        EEDATA           F00000-F003FF              400
        MEDIUMCONST      001B1D-001B1D                1
                         001B2E-00FB37             E00A
        RAM              0000FC-0000FF                4
                         00010F-000E40              100
        SFR              000E41-000FFF               BF
        SMALLCONST       001B1D-001B1D                1
                         001B2E-00FB37              100
        STACK            00010F-000E40              D32

                                  Symbol Table

?___awdiv                                      cstackCOMRAM 000001
?___lwdiv                                      cstackCOMRAM 000001
?___lwmod                                      cstackCOMRAM 000008
?___wmul                                       cstackBANK0  0000B9
?_printf                                       cstackCOMRAM 00000D
?i2___wmul                                     cstackCOMRAM 000001
EUSART1_SetRxInterruptHandler@interruptHandler cstackBANK0  0000B9
EUSART1_SetTxInterruptHandler@interruptHandler cstackBANK0  0000B9
EUSART2_Initialize@drop                        cstackBANK0  0000BB
EUSART2_SetRxInterruptHandler@interruptHandler cstackBANK0  0000B9
EUSART2_SetTxInterruptHandler@interruptHandler cstackBANK0  0000B9
I2C_ISR@i2c_data                               cstackCOMRAM 000002
I2C_SetInterruptHandler@interruptHandler       cstackBANK0  0000B9
I2C_StatusCallback2@i2c_bus_state              cstackCOMRAM 000019
I2C_StatusCallback@i2c_bus_state               cstackCOMRAM 000001
I2C_custom_isr@i2c_data                        cstackCOMRAM 00001A
IOCB4_SetInterruptHandler@InterruptHandler     cstackBANK0  0000B9
IOCB5_SetInterruptHandler@InterruptHandler     cstackBANK0  0000B9
IOCB6_SetInterruptHandler@InterruptHandler     cstackBANK0  0000B9
IOCB7_SetInterruptHandler@InterruptHandler     cstackBANK0  0000B9
TMR2_ISR@CountCallBack                         bssCOMRAM    000049
TMR2_SetInterruptHandler@InterruptHandler      cstackBANK0  0000B9
_ANCON0                                        (abs)        000F5D
_ANCON1                                        (abs)        000F5C
_BAUDCON1                                      (abs)        000FA7
_BAUDCON2                                      (abs)        000FB9
_EUSART1_Initialize                            text29       0014A6
_EUSART1_Receive_ISR                           text74       001820
_EUSART1_RxDefaultInterruptHandler             nvBANK0      0000E3
_EUSART1_SetRxInterruptHandler                 text31       001AFE
_EUSART1_SetTxInterruptHandler                 text30       001AF4
_EUSART1_Transmit_ISR                          text73       0017C2
_EUSART1_TxDefaultInterruptHandler             nvBANK0      0000E5
_EUSART2_Initialize                            text26       0013F0
_EUSART2_Receive_ISR                           text33       0017F2
_EUSART2_RxDefaultInterruptHandler             nvBANK0      0000F1
_EUSART2_SetRxInterruptHandler                 text28       001AEA
_EUSART2_SetTxInterruptHandler                 text27       001AE0
_EUSART2_Transmit_ISR                          text72       001792
_EUSART2_TxDefaultInterruptHandler             nvBANK0      0000F3
_I2C_ISR                                       text64       0015E8
_I2C_Initialize                                text24       00184E
_I2C_InterruptHandler                          nvBANK0      0000E1
_I2C_SetInterruptHandler                       text25       001AD6
_I2C_StatusCallback                            text71       001A0C
_I2C_StatusCallback2                           text66       001450
_I2C_custom_isr                                text65       00154A
_I2C_slaveWriteData                            dataCOMRAM   00005D
_INTCON2bits                                   (abs)        000FF1
_INTCONbits                                    (abs)        000FF2
_INTERRUPT_Initialize                          text23       001B1E
_INTERRUPT_InterruptManager                    intcode      000008
_IOCB4_DefaultInterruptHandler                 text63       001B2C
_IOCB4_ISR                                     text62       0019B2
_IOCB4_InterruptHandler                        nvBANK0      0000EF
_IOCB4_SetInterruptHandler                     text21       001ACC
_IOCB5_DefaultInterruptHandler                 text61       001B2A
_IOCB5_ISR                                     text60       001992
_IOCB5_InterruptHandler                        nvBANK0      0000ED
_IOCB5_SetInterruptHandler                     text20       001AC2
_IOCB6_DefaultInterruptHandler                 text59       001B28
_IOCB6_ISR                                     text58       001972
_IOCB6_InterruptHandler                        nvBANK0      0000EB
_IOCB6_SetInterruptHandler                     text19       001AB8
_IOCB7_DefaultInterruptHandler                 text57       001B26
_IOCB7_ISR                                     text56       001952
_IOCB7_InterruptHandler                        nvBANK0      0000E9
_IOCB7_SetInterruptHandler                     text18       001AAE
_IOCBbits                                      (abs)        000F5A
_LATA                                          (abs)        000F89
_LATA0                                         (abs)        007C48
_LATA1                                         (abs)        007C49
_LATA2                                         (abs)        007C4A
_LATA3                                         (abs)        007C4B
_LATB                                          (abs)        000F8A
_LATB0                                         (abs)        007C50
_LATB1                                         (abs)        007C51
_LATB2                                         (abs)        007C52
_LATB3                                         (abs)        007C53
_LATC                                          (abs)        000F8B
_LATD                                          (abs)        000F8C
_LATE                                          (abs)        000F8D
_OSCCON                                        (abs)        000FD3
_OSCCON2                                       (abs)        000FD2
_OSCILLATOR_Initialize                         text22       001A50
_OSCTUNE                                       (abs)        000F9B
_PIE1bits                                      (abs)        000F9D
_PIE3bits                                      (abs)        000FA3
_PIN_MANAGER_IOC                               text55       0019F0
_PIN_MANAGER_Initialize                        text17       001298
_PIR1bits                                      (abs)        000F9E
_PIR3bits                                      (abs)        000FA4
_PORTBbits                                     (abs)        000F81
_PR2                                           (abs)        000FCB
_RCONbits                                      (abs)        000FD0
_RCREG1                                        (abs)        000FAE
_RCREG2                                        (abs)        000F7A
_RCSTA1                                        (abs)        000FAB
_RCSTA1bits                                    (abs)        000FAB
_RCSTA2                                        (abs)        000FA6
_RCSTA2bits                                    (abs)        000FA6
_REFOCON                                       (abs)        000F9A
_SPBRG1                                        (abs)        000FAF
_SPBRG2                                        (abs)        000F7B
_SPBRGH1                                       (abs)        000F7D
_SPBRGH2                                       (abs)        000F7C
_SSPADD                                        (abs)        000FC8
_SSPBUF                                        (abs)        000FC9
_SSPCON1                                       (abs)        000FC6
_SSPCON1bits                                   (abs)        000FC6
_SSPCON2                                       (abs)        000FC5
_SSPCON2bits                                   (abs)        000FC5
_SSPSTAT                                       (abs)        000FC7
_SSPSTATbits                                   (abs)        000FC7
_SYSTEM_Initialize                             text14       0019D2
_T2CON                                         (abs)        000FCA
_T2CONbits                                     (abs)        000FCA
_TMR2                                          (abs)        000FCC
_TMR2_CallBack                                 text37       001932
_TMR2_DefaultInterruptHandler                  text38       001B24
_TMR2_ISR                                      text36       001912
_TMR2_Initialize                               text15       0018F2
_TMR2_InterruptHandler                         nvBANK0      0000E7
_TMR2_SetInterruptHandler                      text16       001AA4
_TRISA                                         (abs)        000F92
_TRISB                                         (abs)        000F93
_TRISC                                         (abs)        000F94
_TRISD                                         (abs)        000F95
_TRISE                                         (abs)        000F96
_TXREG1                                        (abs)        000FAD
_TXREG2                                        (abs)        000F79
_TXSTA1                                        (abs)        000FAC
_TXSTA1bits                                    (abs)        000FAC
_TXSTA2                                        (abs)        000FBA
_TXSTA2bits                                    (abs)        000FBA
_WPUB                                          (abs)        000F5B
__CFG_BBSIZ$BB2K                               (abs)        000000
__CFG_BOREN$SBORDIS                            (abs)        000000
__CFG_BORPWR$ZPBORMV                           (abs)        000000
__CFG_BORV$3                                   (abs)        000000
__CFG_CANMX$PORTB                              (abs)        000000
__CFG_CP0$OFF                                  (abs)        000000
__CFG_CP1$OFF                                  (abs)        000000
__CFG_CP2$OFF                                  (abs)        000000
__CFG_CP3$OFF                                  (abs)        000000
__CFG_CPB$OFF                                  (abs)        000000
__CFG_CPD$OFF                                  (abs)        000000
__CFG_EBTR0$OFF                                (abs)        000000
__CFG_EBTR1$OFF                                (abs)        000000
__CFG_EBTR2$OFF                                (abs)        000000
__CFG_EBTR3$OFF                                (abs)        000000
__CFG_EBTRB$OFF                                (abs)        000000
__CFG_FCMEN$OFF                                (abs)        000000
__CFG_FOSC$INTIO2                              (abs)        000000
__CFG_IESO$OFF                                 (abs)        000000
__CFG_INTOSCSEL$HIGH                           (abs)        000000
__CFG_MCLRE$ON                                 (abs)        000000
__CFG_MSSPMSK$MSK7                             (abs)        000000
__CFG_PLLCFG$OFF                               (abs)        000000
__CFG_PWRTEN$OFF                               (abs)        000000
__CFG_RETEN$OFF                                (abs)        000000
__CFG_SOSCSEL$DIG                              (abs)        000000
__CFG_STVREN$ON                                (abs)        000000
__CFG_WDTEN$OFF                                (abs)        000000
__CFG_WDTPS$1048576                            (abs)        000000
__CFG_WRT0$OFF                                 (abs)        000000
__CFG_WRT1$OFF                                 (abs)        000000
__CFG_WRT2$OFF                                 (abs)        000000
__CFG_WRT3$OFF                                 (abs)        000000
__CFG_WRTB$OFF                                 (abs)        000000
__CFG_WRTC$OFF                                 (abs)        000000
__CFG_WRTD$OFF                                 (abs)        000000
__CFG_XINST$OFF                                (abs)        000000
__HRAM                                         (abs)        000000
__Habs1                                        abs1         000000
__Hbank0                                       bank0        000000
__Hbank1                                       bank1        000000
__Hbank10                                      bank10       000000
__Hbank11                                      bank11       000000
__Hbank12                                      bank12       000000
__Hbank13                                      bank13       000000
__Hbank14                                      bank14       000000
__Hbank2                                       bank2        000000
__Hbank3                                       bank3        000000
__Hbank4                                       bank4        000000
__Hbank5                                       bank5        000000
__Hbank6                                       bank6        000000
__Hbank7                                       bank7        000000
__Hbank8                                       bank8        000000
__Hbank9                                       bank9        000000
__Hbigbss                                      bigbss       000000
__Hbigdata                                     bigdata      000000
__Hbigram                                      bigram       000000
__Hbss                                         bss          000000
__HbssBANK0                                    bssBANK0     000000
__HbssBANK1                                    bssBANK1     000000
__HbssCOMRAM                                   bssCOMRAM    000000
__Hcinit                                       cinit        000000
__Hclrtext                                     clrtext      000000
__Hcomram                                      comram       000000
__Hconfig                                      config       30000E
__Hconst                                       const        000000
__HcstackBANK0                                 cstackBANK0  000000
__HcstackCOMRAM                                cstackCOMRAM 000000
__Hdata                                        data         000000
__HdataBANK0                                   dataBANK0    000000
__HdataCOMRAM                                  dataCOMRAM   000000
__Heeprom_data                                 eeprom_data  000000
__Hfarbss                                      farbss       000000
__Hfardata                                     fardata      000000
__Hibigdata                                    ibigdata     000000
__Hidata                                       idata        000000
__HidataBANK0                                  idataBANK0   000000
__HidataCOMRAM                                 idataCOMRAM  000000
__Hidloc                                       idloc        200008
__Hifardata                                    ifardata     000000
__Hinit                                        init         00013C
__Hintcode                                     intcode      000138
__Hintcode_body                                intcode_body 000000
__Hintcodelo                                   intcodelo    000138
__Hintentry                                    intentry     000000
__Hintret                                      intret       000000
__Hintsave_regs                                intsave_regs 000000
__Hirdata                                      irdata       000000
__Hmediumconst                                 mediumconst  010000
__HnvBANK0                                     nvBANK0      000000
__HnvFARRAM                                    nvFARRAM     000000
__Hnvbit                                       nvbit        000000
__Hnvrram                                      nvrram       000000
__Hparam                                       rparam       000000
__Hpowerup                                     powerup      000138
__Hram                                         ram          000000
__Hramtop                                      ramtop       000F00
__Hrbit                                        rbit         000000
__Hrbss                                        rbss         000000
__Hrdata                                       rdata        000000
__Hreset_vec                                   reset_vec    000004
__Hrparam                                      rparam       000000
__Hsfr                                         sfr          000000
__Hsmallconst                                  smallconst   000000
__Hspace_0                                     (abs)        30000E
__Hspace_1                                     (abs)        00010F
__Hspace_2                                     (abs)        000000
__Hstack                                       stack        000000
__Hstruct                                      struct       000000
__Htemp                                        temp         00005F
__Htext                                        text         000000
__Htext0                                       text0        000000
__Htext1                                       text1        000000
__Htext10                                      text10       000000
__Htext11                                      text11       000000
__Htext12                                      text12       000000
__Htext13                                      text13       000000
__Htext14                                      text14       000000
__Htext15                                      text15       000000
__Htext16                                      text16       000000
__Htext17                                      text17       000000
__Htext18                                      text18       000000
__Htext19                                      text19       000000
__Htext2                                       text2        000000
__Htext20                                      text20       000000
__Htext21                                      text21       000000
__Htext22                                      text22       000000
__Htext23                                      text23       000000
__Htext24                                      text24       000000
__Htext25                                      text25       000000
__Htext26                                      text26       000000
__Htext27                                      text27       000000
__Htext28                                      text28       000000
__Htext29                                      text29       000000
__Htext3                                       text3        000000
__Htext30                                      text30       000000
__Htext31                                      text31       000000
__Htext33                                      text33       000000
__Htext34                                      text34       000000
__Htext35                                      text35       000000
__Htext36                                      text36       000000
__Htext37                                      text37       000000
__Htext38                                      text38       000000
__Htext39                                      text39       000000
__Htext4                                       text4        000000
__Htext40                                      text40       000000
__Htext41                                      text41       000000
__Htext42                                      text42       000000
__Htext43                                      text43       000000
__Htext44                                      text44       000000
__Htext45                                      text45       000000
__Htext46                                      text46       000000
__Htext47                                      text47       000000
__Htext48                                      text48       000000
__Htext49                                      text49       000000
__Htext5                                       text5        000000
__Htext50                                      text50       000000
__Htext51                                      text51       000000
__Htext52                                      text52       000000
__Htext53                                      text53       000000
__Htext54                                      text54       000000
__Htext55                                      text55       000000
__Htext56                                      text56       000000
__Htext57                                      text57       000000
__Htext58                                      text58       000000
__Htext59                                      text59       000000
__Htext6                                       text6        000000
__Htext60                                      text60       000000
__Htext61                                      text61       000000
__Htext62                                      text62       000000
__Htext63                                      text63       000000
__Htext64                                      text64       000000
__Htext65                                      text65       000000
__Htext66                                      text66       000000
__Htext67                                      text67       000000
__Htext68                                      text68       000000
__Htext69                                      text69       000000
__Htext7                                       text7        000000
__Htext70                                      text70       000000
__Htext71                                      text71       000000
__Htext72                                      text72       000000
__Htext73                                      text73       000000
__Htext74                                      text74       000000
__Htext75                                      text75       000000
__Htext8                                       text8        000000
__Htext9                                       text9        000000
__LRAM                                         (abs)        000001
__Labs1                                        abs1         000000
__Lbank0                                       bank0        000000
__Lbank1                                       bank1        000000
__Lbank10                                      bank10       000000
__Lbank11                                      bank11       000000
__Lbank12                                      bank12       000000
__Lbank13                                      bank13       000000
__Lbank14                                      bank14       000000
__Lbank2                                       bank2        000000
__Lbank3                                       bank3        000000
__Lbank4                                       bank4        000000
__Lbank5                                       bank5        000000
__Lbank6                                       bank6        000000
__Lbank7                                       bank7        000000
__Lbank8                                       bank8        000000
__Lbank9                                       bank9        000000
__Lbigbss                                      bigbss       000000
__Lbigdata                                     bigdata      000000
__Lbigram                                      bigram       000000
__Lbss                                         bss          000000
__LbssBANK0                                    bssBANK0     000000
__LbssBANK1                                    bssBANK1     000000
__LbssCOMRAM                                   bssCOMRAM    000000
__Lcinit                                       cinit        000000
__Lclrtext                                     clrtext      000000
__Lcomram                                      comram       000000
__Lconfig                                      config       300000
__Lconst                                       const        000000
__LcstackBANK0                                 cstackBANK0  000000
__LcstackCOMRAM                                cstackCOMRAM 000000
__Ldata                                        data         000000
__LdataBANK0                                   dataBANK0    000000
__LdataCOMRAM                                  dataCOMRAM   000000
__Leeprom_data                                 eeprom_data  000000
__Lfarbss                                      farbss       000000
__Lfardata                                     fardata      000000
__Libigdata                                    ibigdata     000000
__Lidata                                       idata        000000
__LidataBANK0                                  idataBANK0   000000
__LidataCOMRAM                                 idataCOMRAM  000000
__Lidloc                                       idloc        200000
__Lifardata                                    ifardata     000000
__Linit                                        init         000138
__Lintcode                                     intcode      000008
__Lintcode_body                                intcode_body 000000
__Lintcodelo                                   intcodelo    000138
__Lintentry                                    intentry     000000
__Lintret                                      intret       000000
__Lintsave_regs                                intsave_regs 000000
__Lirdata                                      irdata       000000
__Lmediumconst                                 mediumconst  00FB38
__LnvBANK0                                     nvBANK0      000000
__LnvFARRAM                                    nvFARRAM     000000
__Lnvbit                                       nvbit        000000
__Lnvrram                                      nvrram       000000
__Lparam                                       rparam       000000
__Lpowerup                                     powerup      000138
__Lram                                         ram          000000
__Lramtop                                      ramtop       000F00
__Lrbit                                        rbit         000000
__Lrbss                                        rbss         000000
__Lrdata                                       rdata        000000
__Lreset_vec                                   reset_vec    000000
__Lrparam                                      rparam       000000
__Lsfr                                         sfr          000000
__Lsmallconst                                  smallconst   000000
__Lspace_0                                     (abs)        000000
__Lspace_1                                     (abs)        000000
__Lspace_2                                     (abs)        000000
__Lstack                                       stack        000000
__Lstruct                                      struct       000000
__Ltemp                                        temp         00005E
__Ltext                                        text         000000
__Ltext0                                       text0        000000
__Ltext1                                       text1        000000
__Ltext10                                      text10       000000
__Ltext11                                      text11       000000
__Ltext12                                      text12       000000
__Ltext13                                      text13       000000
__Ltext14                                      text14       000000
__Ltext15                                      text15       000000
__Ltext16                                      text16       000000
__Ltext17                                      text17       000000
__Ltext18                                      text18       000000
__Ltext19                                      text19       000000
__Ltext2                                       text2        000000
__Ltext20                                      text20       000000
__Ltext21                                      text21       000000
__Ltext22                                      text22       000000
__Ltext23                                      text23       000000
__Ltext24                                      text24       000000
__Ltext25                                      text25       000000
__Ltext26                                      text26       000000
__Ltext27                                      text27       000000
__Ltext28                                      text28       000000
__Ltext29                                      text29       000000
__Ltext3                                       text3        000000
__Ltext30                                      text30       000000
__Ltext31                                      text31       000000
__Ltext33                                      text33       000000
__Ltext34                                      text34       000000
__Ltext35                                      text35       000000
__Ltext36                                      text36       000000
__Ltext37                                      text37       000000
__Ltext38                                      text38       000000
__Ltext39                                      text39       000000
__Ltext4                                       text4        000000
__Ltext40                                      text40       000000
__Ltext41                                      text41       000000
__Ltext42                                      text42       000000
__Ltext43                                      text43       000000
__Ltext44                                      text44       000000
__Ltext45                                      text45       000000
__Ltext46                                      text46       000000
__Ltext47                                      text47       000000
__Ltext48                                      text48       000000
__Ltext49                                      text49       000000
__Ltext5                                       text5        000000
__Ltext50                                      text50       000000
__Ltext51                                      text51       000000
__Ltext52                                      text52       000000
__Ltext53                                      text53       000000
__Ltext54                                      text54       000000
__Ltext55                                      text55       000000
__Ltext56                                      text56       000000
__Ltext57                                      text57       000000
__Ltext58                                      text58       000000
__Ltext59                                      text59       000000
__Ltext6                                       text6        000000
__Ltext60                                      text60       000000
__Ltext61                                      text61       000000
__Ltext62                                      text62       000000
__Ltext63                                      text63       000000
__Ltext64                                      text64       000000
__Ltext65                                      text65       000000
__Ltext66                                      text66       000000
__Ltext67                                      text67       000000
__Ltext68                                      text68       000000
__Ltext69                                      text69       000000
__Ltext7                                       text7        000000
__Ltext70                                      text70       000000
__Ltext71                                      text71       000000
__Ltext72                                      text72       000000
__Ltext73                                      text73       000000
__Ltext74                                      text74       000000
__Ltext75                                      text75       000000
__Ltext8                                       text8        000000
__Ltext9                                       text9        000000
__S0                                           (abs)        30000E
__S1                                           (abs)        00010F
__S2                                           (abs)        000000
___awdiv                                       text54       001214
___awdiv@counter                               cstackCOMRAM 000005
___awdiv@dividend                              cstackCOMRAM 000001
___awdiv@divisor                               cstackCOMRAM 000003
___awdiv@quotient                              cstackCOMRAM 000007
___awdiv@sign                                  cstackCOMRAM 000006
___inthi_sp                                    stack        000000
___intlo_sp                                    stack        000000
___lwdiv                                       text70       0014F8
___lwdiv@counter                               cstackCOMRAM 000007
___lwdiv@dividend                              cstackCOMRAM 000001
___lwdiv@divisor                               cstackCOMRAM 000003
___lwdiv@quotient                              cstackCOMRAM 000005
___lwmod                                       text69       00166E
___lwmod@counter                               cstackCOMRAM 00000C
___lwmod@dividend                              cstackCOMRAM 000008
___lwmod@divisor                               cstackCOMRAM 00000A
___param_bank                                  (abs)        000000
___rparam_used                                 (abs)        000001
___sp                                          stack        000000
___wmul                                        text10       0018A4
___wmul@multiplicand                           cstackBANK0  0000BB
___wmul@multiplier                             cstackBANK0  0000B9
___wmul@product                                cstackBANK0  0000BD
__accesstop                                    (abs)        000060
__activetblptr                                 (abs)        000003
__end_of_EUSART1_Initialize                    text29       0014F8
__end_of_EUSART1_Receive_ISR                   text74       00184E
__end_of_EUSART1_SetRxInterruptHandler         text31       001B08
__end_of_EUSART1_SetTxInterruptHandler         text30       001AFE
__end_of_EUSART1_Transmit_ISR                  text73       0017F2
__end_of_EUSART2_Initialize                    text26       001450
__end_of_EUSART2_Receive_ISR                   text33       001820
__end_of_EUSART2_SetRxInterruptHandler         text28       001AF4
__end_of_EUSART2_SetTxInterruptHandler         text27       001AEA
__end_of_EUSART2_Transmit_ISR                  text72       0017C2
__end_of_I2C_ISR                               text64       00162C
__end_of_I2C_Initialize                        text24       00187A
__end_of_I2C_SetInterruptHandler               text25       001AE0
__end_of_I2C_StatusCallback                    text71       001A26
__end_of_I2C_StatusCallback2                   text66       0014A6
__end_of_I2C_custom_isr                        text65       00159A
__end_of_INTERRUPT_Initialize                  text23       001B22
__end_of_INTERRUPT_InterruptManager            intcode      000138
__end_of_IOCB4_DefaultInterruptHandler         text63       001B2E
__end_of_IOCB4_ISR                             text62       0019D2
__end_of_IOCB4_SetInterruptHandler             text21       001AD6
__end_of_IOCB5_DefaultInterruptHandler         text61       001B2C
__end_of_IOCB5_ISR                             text60       0019B2
__end_of_IOCB5_SetInterruptHandler             text20       001ACC
__end_of_IOCB6_DefaultInterruptHandler         text59       001B2A
__end_of_IOCB6_ISR                             text58       001992
__end_of_IOCB6_SetInterruptHandler             text19       001AC2
__end_of_IOCB7_DefaultInterruptHandler         text57       001B28
__end_of_IOCB7_ISR                             text56       001972
__end_of_IOCB7_SetInterruptHandler             text18       001AB8
__end_of_OSCILLATOR_Initialize                 text22       001A62
__end_of_PIN_MANAGER_IOC                       text55       001A0C
__end_of_PIN_MANAGER_Initialize                text17       001314
__end_of_SYSTEM_Initialize                     text14       0019F0
__end_of_TMR2_CallBack                         text37       001952
__end_of_TMR2_DefaultInterruptHandler          text38       001B26
__end_of_TMR2_ISR                              text36       001932
__end_of_TMR2_Initialize                       text15       001912
__end_of_TMR2_SetInterruptHandler              text16       001AAE
__end_of___awdiv                               text54       001298
__end_of___lwdiv                               text70       00154A
__end_of___lwmod                               text69       0016B0
__end_of___wmul                                text10       0018CC
__end_of__initialization                       cinit        0013E6
__end_of_bitRead                               text4        00166E
__end_of_digit                                 mediumconst  00FF9D
__end_of_digitos                               mediumconst  00FD1D
__end_of_dpowers                               mediumconst  00FFA7
__end_of_lcd_init                              text11       000AD0
__end_of_lcd_memory_start                      text9        001B10
__end_of_lcd_number                            text45       000994
__end_of_lcd_pix                               text7        000E1E
__end_of_lcd_pix_color                         text44       000F14
__end_of_lcd_point                             text6        0010C8
__end_of_lcd_set_address                       text8        0015E8
__end_of_lcd_set_background                    text5        00138A
__end_of_lcd_sign                              text47       000D1A
__end_of_lcd_text                              text3        0004B6
__end_of_lcd_text_color                        text43       0007F6
__end_of_lcd_write_bus                         text13       001A7E
__end_of_lcd_write_command                     text12       001A50
__end_of_main                                  text0        001214
__end_of_printf                                text67       000BFE
__end_of_putch                                 text2        001A70
__end_of_save_uart_data                        text35       001A3E
__end_of_strcpy                                text1        001760
__end_of_texto                                 mediumconst  00FE75
__end_of_tmr2_custom_isr                       text39       00030C
__end_of_uart2_rx_custom_isr                   text34       0018A4
__end_ofi2___wmul                              text53       0018F2
__end_ofi2_bitRead                             text46       0016EE
__end_ofi2_lcd_memory_start                    text50       001B18
__end_ofi2_lcd_pix                             text48       00100A
__end_ofi2_lcd_point                           text42       00117C
__end_ofi2_lcd_set_address                     text49       00172C
__end_ofi2_lcd_text                            text41       000656
__end_ofi2_lcd_write_bus                       text52       001A98
__end_ofi2_lcd_write_command                   text51       001A8C
__end_ofi2_putch                               text68       001AA4
__end_ofi2_strcpy                              text40       001792
__initialization                               cinit        00138A
__mediumconst                                  mediumconst  00FB38
__pbssBANK0                                    bssBANK0     000060
__pbssBANK1                                    bssBANK1     000100
__pbssCOMRAM                                   bssCOMRAM    000049
__pcinit                                       cinit        00138A
__pcstackBANK0                                 cstackBANK0  0000B9
__pcstackCOMRAM                                cstackCOMRAM 000001
__pdataBANK0                                   dataBANK0    0000F7
__pdataCOMRAM                                  dataCOMRAM   00005C
__pidataBANK0                                  idataBANK0   001B18
__pidataCOMRAM                                 idataCOMRAM  001B22
__pintcode                                     intcode      000008
__pmediumconst                                 mediumconst  00FB38
__pnvBANK0                                     nvBANK0      0000E1
__ptext0                                       text0        00117C
__ptext1                                       text1        00172C
__ptext10                                      text10       0018A4
__ptext11                                      text11       000994
__ptext12                                      text12       001A3E
__ptext13                                      text13       001A70
__ptext14                                      text14       0019D2
__ptext15                                      text15       0018F2
__ptext16                                      text16       001AA4
__ptext17                                      text17       001298
__ptext18                                      text18       001AAE
__ptext19                                      text19       001AB8
__ptext2                                       text2        001A62
__ptext20                                      text20       001AC2
__ptext21                                      text21       001ACC
__ptext22                                      text22       001A50
__ptext23                                      text23       001B1E
__ptext24                                      text24       00184E
__ptext25                                      text25       001AD6
__ptext26                                      text26       0013F0
__ptext27                                      text27       001AE0
__ptext28                                      text28       001AEA
__ptext29                                      text29       0014A6
__ptext3                                       text3        00030C
__ptext30                                      text30       001AF4
__ptext31                                      text31       001AFE
__ptext33                                      text33       0017F2
__ptext34                                      text34       00187A
__ptext35                                      text35       001A26
__ptext36                                      text36       001912
__ptext37                                      text37       001932
__ptext38                                      text38       001B24
__ptext39                                      text39       00013C
__ptext4                                       text4        00162C
__ptext40                                      text40       001760
__ptext41                                      text41       0004B6
__ptext42                                      text42       0010C8
__ptext43                                      text43       000656
__ptext44                                      text44       000E1E
__ptext45                                      text45       0007F6
__ptext46                                      text46       0016B0
__ptext47                                      text47       000BFE
__ptext48                                      text48       000F14
__ptext49                                      text49       0016EE
__ptext5                                       text5        001314
__ptext50                                      text50       001B10
__ptext51                                      text51       001A7E
__ptext52                                      text52       001A8C
__ptext53                                      text53       0018CC
__ptext54                                      text54       001214
__ptext55                                      text55       0019F0
__ptext56                                      text56       001952
__ptext57                                      text57       001B26
__ptext58                                      text58       001972
__ptext59                                      text59       001B28
__ptext6                                       text6        00100A
__ptext60                                      text60       001992
__ptext61                                      text61       001B2A
__ptext62                                      text62       0019B2
__ptext63                                      text63       001B2C
__ptext64                                      text64       0015E8
__ptext65                                      text65       00154A
__ptext66                                      text66       001450
__ptext67                                      text67       000AD0
__ptext68                                      text68       001A98
__ptext69                                      text69       00166E
__ptext7                                       text7        000D1A
__ptext70                                      text70       0014F8
__ptext71                                      text71       001A0C
__ptext72                                      text72       001792
__ptext73                                      text73       0017C2
__ptext74                                      text74       001820
__ptext75                                      text75       000000
__ptext8                                       text8        00159A
__ptext9                                       text9        001B08
__ramtop                                       ramtop       000F00
__size_of_EUSART1_Initialize                   (abs)        000000
__size_of_EUSART1_Receive_ISR                  (abs)        000000
__size_of_EUSART1_SetRxInterruptHandler        (abs)        000000
__size_of_EUSART1_SetTxInterruptHandler        (abs)        000000
__size_of_EUSART1_Transmit_ISR                 (abs)        000000
__size_of_EUSART2_Initialize                   (abs)        000000
__size_of_EUSART2_Receive_ISR                  (abs)        000000
__size_of_EUSART2_SetRxInterruptHandler        (abs)        000000
__size_of_EUSART2_SetTxInterruptHandler        (abs)        000000
__size_of_EUSART2_Transmit_ISR                 (abs)        000000
__size_of_I2C_ISR                              (abs)        000000
__size_of_I2C_Initialize                       (abs)        000000
__size_of_I2C_SetInterruptHandler              (abs)        000000
__size_of_I2C_StatusCallback                   (abs)        000000
__size_of_I2C_StatusCallback2                  (abs)        000000
__size_of_I2C_custom_isr                       (abs)        000000
__size_of_INTERRUPT_Initialize                 (abs)        000000
__size_of_INTERRUPT_InterruptManager           (abs)        000000
__size_of_IOCB4_DefaultInterruptHandler        (abs)        000000
__size_of_IOCB4_ISR                            (abs)        000000
__size_of_IOCB4_SetInterruptHandler            (abs)        000000
__size_of_IOCB5_DefaultInterruptHandler        (abs)        000000
__size_of_IOCB5_ISR                            (abs)        000000
__size_of_IOCB5_SetInterruptHandler            (abs)        000000
__size_of_IOCB6_DefaultInterruptHandler        (abs)        000000
__size_of_IOCB6_ISR                            (abs)        000000
__size_of_IOCB6_SetInterruptHandler            (abs)        000000
__size_of_IOCB7_DefaultInterruptHandler        (abs)        000000
__size_of_IOCB7_ISR                            (abs)        000000
__size_of_IOCB7_SetInterruptHandler            (abs)        000000
__size_of_OSCILLATOR_Initialize                (abs)        000000
__size_of_PIN_MANAGER_IOC                      (abs)        000000
__size_of_PIN_MANAGER_Initialize               (abs)        000000
__size_of_SYSTEM_Initialize                    (abs)        000000
__size_of_TMR2_CallBack                        (abs)        000000
__size_of_TMR2_DefaultInterruptHandler         (abs)        000000
__size_of_TMR2_ISR                             (abs)        000000
__size_of_TMR2_Initialize                      (abs)        000000
__size_of_TMR2_SetInterruptHandler             (abs)        000000
__size_of___awdiv                              (abs)        000000
__size_of___lwdiv                              (abs)        000000
__size_of___lwmod                              (abs)        000000
__size_of___wmul                               (abs)        000000
__size_of_bitRead                              (abs)        000000
__size_of_lcd_init                             (abs)        000000
__size_of_lcd_memory_start                     (abs)        000000
__size_of_lcd_number                           (abs)        000000
__size_of_lcd_pix                              (abs)        000000
__size_of_lcd_pix_color                        (abs)        000000
__size_of_lcd_point                            (abs)        000000
__size_of_lcd_set_address                      (abs)        000000
__size_of_lcd_set_background                   (abs)        000000
__size_of_lcd_sign                             (abs)        000000
__size_of_lcd_text                             (abs)        000000
__size_of_lcd_text_color                       (abs)        000000
__size_of_lcd_write_bus                        (abs)        000000
__size_of_lcd_write_command                    (abs)        000000
__size_of_main                                 (abs)        000000
__size_of_printf                               (abs)        000000
__size_of_putch                                (abs)        000000
__size_of_save_uart_data                       (abs)        000000
__size_of_strcpy                               (abs)        000000
__size_of_tmr2_custom_isr                      (abs)        000000
__size_of_uart2_rx_custom_isr                  (abs)        000000
__size_ofi2___wmul                             (abs)        000000
__size_ofi2_bitRead                            (abs)        000000
__size_ofi2_lcd_memory_start                   (abs)        000000
__size_ofi2_lcd_pix                            (abs)        000000
__size_ofi2_lcd_point                          (abs)        000000
__size_ofi2_lcd_set_address                    (abs)        000000
__size_ofi2_lcd_text                           (abs)        000000
__size_ofi2_lcd_write_bus                      (abs)        000000
__size_ofi2_lcd_write_command                  (abs)        000000
__size_ofi2_putch                              (abs)        000000
__size_ofi2_strcpy                             (abs)        000000
__smallconst                                   smallconst   000000
_bitRead                                       text4        00162C
_buff                                          bssBANK1     000100
_digit                                         mediumconst  00FE75
_digitos                                       mediumconst  00FB39
_dpowers                                       mediumconst  00FF9D
_eusart1RxBuffer                               bssBANK0     00006F
_eusart1RxCount                                bssCOMRAM    000058
_eusart1RxHead                                 bssBANK0     00009F
_eusart1RxTail                                 bssCOMRAM    000059
_eusart1TxBuffer                               bssBANK0     000077
_eusart1TxBufferRemaining                      nvBANK0      0000F5
_eusart1TxHead                                 bssBANK0     0000A1
_eusart1TxTail                                 bssBANK0     0000A0
_eusart2RxBuffer                               bssBANK0     00007F
_eusart2RxCount                                bssCOMRAM    00005A
_eusart2RxHead                                 bssBANK0     0000A2
_eusart2RxTail                                 bssCOMRAM    00005B
_eusart2TxBuffer                               bssBANK0     000087
_eusart2TxBufferRemaining                      nvBANK0      0000F6
_eusart2TxHead                                 bssBANK0     0000A4
_eusart2TxTail                                 bssBANK0     0000A3
_i2c_addressLow                                bssCOMRAM    000057
_i2c_addressUpper                              bssCOMRAM    000056
_i2c_received_byte                             bssCOMRAM    00004D
_i2c_transmit_byte                             bssCOMRAM    00004C
_i2c_upperAddressFlag                          dataCOMRAM   00005C
_indice                                        bssBANK0     00009B
_k                                             bssCOMRAM    000052
_k_count                                       bssCOMRAM    00004E
_key                                           bssCOMRAM    00004F
_key_text                                      bssBANK0     00008F
_lcd_init                                      text11       000994
_lcd_memory_start                              text9        001B08
_lcd_number                                    text45       0007F6
_lcd_pix                                       text7        000D1A
_lcd_pix_color                                 text44       000E1E
_lcd_point                                     text6        00100A
_lcd_set_address                               text8        00159A
_lcd_set_background                            text5        001314
_lcd_sign                                      text47       000BFE
_lcd_text                                      text3        00030C
_lcd_text$2702                                 cstackBANK0  0000D7
_lcd_text_color                                text43       000656
_lcd_text_color$2776                           cstackCOMRAM 00001F
_lcd_write_bus                                 text13       001A70
_lcd_write_command                             text12       001A3E
_main                                          text0        00117C
_mensaje                                       bssBANK0     0000A5
_neg                                           bssCOMRAM    000054
_printEnable                                   bssCOMRAM    00004B
_printf                                        text67       000AD0
_putch                                         text2        001A62
_q                                             bssCOMRAM    000051
_read_key                                      bssCOMRAM    000050
_rxBuffer                                      bssBANK0     000060
_save_uart_data                                text35       001A26
_spiDummy                                      bssCOMRAM    000055
_strcpy                                        text1        00172C
_text                                          bssBANK0     000095
_texto                                         mediumconst  00FD1D
_tmr2_custom_isr                               text39       00013C
_uart2_rx_custom_isr                           text34       00187A
_uartBuff                                      bssCOMRAM    000053
bitRead@number                                 cstackBANK0  0000B9
bitRead@position                               cstackBANK0  0000BB
btemp                                          temp         00005E
end_of_initialization                          cinit        0013E6
i2___wmul                                      text53       0018CC
i2___wmul@multiplicand                         cstackCOMRAM 000003
i2___wmul@multiplier                           cstackCOMRAM 000001
i2___wmul@product                              cstackCOMRAM 000005
i2_bitRead                                     text46       0016B0
i2_lcd_memory_start                            text50       001B10
i2_lcd_pix                                     text48       000F14
i2_lcd_point                                   text42       0010C8
i2_lcd_set_address                             text49       0016EE
i2_lcd_text                                    text41       0004B6
i2_lcd_text$2777                               cstackCOMRAM 00001F
i2_lcd_write_bus                               text52       001A8C
i2_lcd_write_command                           text51       001A7E
i2_putch                                       text68       001A98
i2_strcpy                                      text40       001760
i2bitRead@number                               cstackCOMRAM 000001
i2bitRead@position                             cstackCOMRAM 000003
i2lcd_pix@c                                    cstackCOMRAM 00000F
i2lcd_pix@i                                    cstackCOMRAM 000016
i2lcd_pix@n1                                   cstackCOMRAM 000015
i2lcd_pix@size                                 cstackCOMRAM 000010
i2lcd_pix@x                                    cstackCOMRAM 00000B
i2lcd_pix@y                                    cstackCOMRAM 00000D
i2lcd_point@place                              cstackCOMRAM 000018
i2lcd_set_address@x1                           cstackCOMRAM 000003
i2lcd_set_address@x2                           cstackCOMRAM 000007
i2lcd_set_address@y1                           cstackCOMRAM 000005
i2lcd_set_address@y2                           cstackCOMRAM 000009
i2lcd_text@i                                   cstackCOMRAM 000022
i2lcd_text@j                                   cstackCOMRAM 000024
i2lcd_text@k                                   cstackCOMRAM 000026
i2lcd_text@msjPtr                              cstackCOMRAM 000018
i2lcd_text@renglon                             cstackCOMRAM 000021
i2lcd_write_bus@data                           cstackCOMRAM 000001
i2lcd_write_command@cmd                        cstackCOMRAM 000002
i2putch@data                                   cstackCOMRAM 000001
i2strcpy@cp                                    cstackCOMRAM 000005
i2strcpy@from                                  cstackCOMRAM 000003
i2strcpy@to                                    cstackCOMRAM 000001
int$flags                                      temp         00005E
intlevel0                                      text         000000
intlevel1                                      text         000000
intlevel2                                      text         000000
intlevel3                                      text         000000
lcd_number@F15340                              dataBANK0    0000F7
lcd_number@i                                   cstackCOMRAM 000025
lcd_number@index                               cstackCOMRAM 000020
lcd_number@j                                   cstackCOMRAM 000026
lcd_number@k                                   cstackCOMRAM 000027
lcd_number@number                              cstackCOMRAM 000019
[...]
      Params:         0       0       0       0       0       0       0       0       0       0       0       0       0       0       0       0
      Locals:         1       0       0       0       0       0       0       0       0       0       0       0       0       0       0       0
      Temps:          0       0       0       0       0       0       0       0       0       0       0       0       0       0       0       0
      Totals:         1       0       0       0       0       0       0       0       0       0       0       0       0       0       0       0
Total ram usage:        1 bytes
 Hardware stack levels used:    1
 Hardware stack levels required when called:    3
 This function calls:
		_I2C_StatusCallback2
		_printf
 This function is called by:
		_main
		_INTERRUPT_InterruptManager
 This function uses a non-reentrant model


 *************** function _I2C_StatusCallback2 *****************
 Defined at:
		line 295 in file "main.c"
 Parameters:    Size  Location     Type
  i2c_bus_stat    1    wreg     enum E15216
 Auto vars:     Size  Location     Type
  i2c_bus_stat    1   24[COMRAM] enum E15216
 Return value:  Size  Location     Type
                  1    wreg      void 
 Registers used:
		wreg, fsr2l, fsr2h, status,2, status,0, tblptrl, tblptrh, tblptru, prodl, prodh, cstack
 Tracked objects:
		On entry : 
		On exit  : 
		Unchanged: 
 Data sizes:     COMRAM   BANK0   BANK1   BANK2   BANK3   BANK4   BANK5   BANK6   BANK7   BANK8   BANK9  BANK10  BANK11  BANK12  BANK13  BANK14
      Params:         0       0       0       0       0       0       0       0       0       0       0       0       0       0       0       0
      Locals:         1       0       0       0       0       0       0       0       0       0       0       0       0       0       0       0
      Temps:          0       0       0       0       0       0       0       0       0       0       0       0       0       0       0       0
      Totals:         1       0       0       0       0       0       0       0       0       0       0       0       0       0       0       0
Total ram usage:        1 bytes
 Hardware stack levels used:    1
 Hardware stack levels required when called:    2
 This function calls:
		_printf
 This function is called by:
		_I2C_custom_isr
 This function uses a non-reentrant model


 *************** function _printf *****************
 Defined at:
		line 464 in file "C:\Program Files (x86)\Microchip\xc8\v1.45\sources\common\doprnt.c"
 Parameters:    Size  Location     Type
  f               2   12[COMRAM] PTR const unsigned char 
		 -> STR_6(9), STR_5(13), STR_4(3), STR_3(14), 
 Auto vars:     Size  Location     Type
  tmpval          4    0        struct .
  cp              3    0        PTR const unsigned char 
  val             2   21[COMRAM] unsigned int 
  ap              2   17[COMRAM] PTR void [1]
		 -> ?_printf(2), 
  len             2    0        unsigned int 
  c               1   23[COMRAM] char 
  prec            1   20[COMRAM] char 
  flag            1   19[COMRAM] unsigned char 
 Return value:  Size  Location     Type
                  2   12[COMRAM] int 
 Registers used:
		wreg, fsr2l, fsr2h, status,2, status,0, tblptrl, tblptrh, tblptru, prodl, prodh, cstack
 Tracked objects:
		On entry : 
		On exit  : 
		Unchanged: 
 Data sizes:     COMRAM   BANK0   BANK1   BANK2   BANK3   BANK4   BANK5   BANK6   BANK7   BANK8   BANK9  BANK10  BANK11  BANK12  BANK13  BANK14
      Params:         4       0       0       0       0       0       0       0       0       0       0       0       0       0       0       0
      Locals:         7       0       0       0       0       0       0       0       0       0       0       0       0       0       0       0
      Temps:          1       0       0       0       0       0       0       0       0       0       0       0       0       0       0       0
      Totals:        12       0       0       0       0       0       0       0       0       0       0       0       0       0       0       0
Total ram usage:       12 bytes
 Hardware stack levels used:    1
 Hardware stack levels required when called:    1
 This function calls:
		___lwdiv
		___lwmod
		i2_putch
 This function is called by:
		_I2C_StatusCallback2
		_I2C_custom_isr
 This function uses a non-reentrant model


 *************** function i2_putch *****************
 Defined at:
		line 69 in file "main.c"
 Parameters:    Size  Location     Type
  data            1    wreg     unsigned char 
 Auto vars:     Size  Location     Type
  data            1    0[COMRAM] unsigned char 
 Return value:  Size  Location     Type
                  1    wreg      void 
 Registers used:
		wreg
 Tracked objects:
		On entry : 
		On exit  : 
		Unchanged: 
 Data sizes:     COMRAM   BANK0   BANK1   BANK2   BANK3   BANK4   BANK5   BANK6   BANK7   BANK8   BANK9  BANK10  BANK11  BANK12  BANK13  BANK14
      Params:         0       0       0       0       0       0       0       0       0       0       0       0       0       0       0       0
      Locals:         1       0       0       0       0       0       0       0       0       0       0       0       0       0       0       0
      Temps:          0       0       0       0       0       0       0       0       0       0       0       0       0       0       0       0
      Totals:         1       0       0       0       0       0       0       0       0       0       0       0       0       0       0       0
Total ram usage:        1 bytes
 Hardware stack levels used:    1
 This function calls:
		Nothing
 This function is called by:
		_tmr2_custom_isr
		_printf
 This function uses a non-reentrant model


 *************** function ___lwmod *****************
 Defined at:
		line 8 in file "C:\Program Files (x86)\Microchip\xc8\v1.45\sources\common\lwmod.c"
 Parameters:    Size  Location     Type
  dividend        2    7[COMRAM] unsigned int 
  divisor         2    9[COMRAM] unsigned int 
 Auto vars:     Size  Location     Type
  counter         1   11[COMRAM] unsigned char 
 Return value:  Size  Location     Type
                  2    7[COMRAM] unsigned int 
 Registers used:
		wreg, status,2, status,0
 Tracked objects:
		On entry : 
		On exit  : 
		Unchanged: 
 Data sizes:     COMRAM   BANK0   BANK1   BANK2   BANK3   BANK4   BANK5   BANK6   BANK7   BANK8   BANK9  BANK10  BANK11  BANK12  BANK13  BANK14
      Params:         4       0       0       0       0       0       0       0       0       0       0       0       0       0       0       0
      Locals:         1       0       0       0       0       0       0       0       0       0       0       0       0       0       0       0
      Temps:          0       0       0       0       0       0       0       0       0       0       0       0       0       0       0       0
      Totals:         5       0       0       0       0       0       0       0       0       0       0       0       0       0       0       0
Total ram usage:        5 bytes
 Hardware stack levels used:    1
 This function calls:
		Nothing
 This function is called by:
		_printf
 This function uses a non-reentrant model


 *************** function ___lwdiv *****************
 Defined at:
		line 8 in file "C:\Program Files (x86)\Microchip\xc8\v1.45\sources\common\lwdiv.c"
 Parameters:    Size  Location     Type
  dividend        2    0[COMRAM] unsigned int 
  divisor         2    2[COMRAM] unsigned int 
 Auto vars:     Size  Location     Type
  quotient        2    4[COMRAM] unsigned int 
  counter         1    6[COMRAM] unsigned char 
 Return value:  Size  Location     Type
                  2    0[COMRAM] unsigned int 
 Registers used:
		wreg, status,2, status,0
 Tracked objects:
		On entry : 
		On exit  : 
		Unchanged: 
 Data sizes:     COMRAM   BANK0   BANK1   BANK2   BANK3   BANK4   BANK5   BANK6   BANK7   BANK8   BANK9  BANK10  BANK11  BANK12  BANK13  BANK14
      Params:         4       0       0       0       0       0       0       0       0       0       0       0       0       0       0       0
      Locals:         3       0       0       0       0       0       0       0       0       0       0       0       0       0       0       0
      Temps:          0       0       0       0       0       0       0       0       0       0       0       0       0       0       0       0
      Totals:         7       0       0       0       0       0       0       0       0       0       0       0       0       0       0       0
Total ram usage:        7 bytes
 Hardware stack levels used:    1
 This function calls:
		Nothing
 This function is called by:
		_printf
 This function uses a non-reentrant model


 *************** function _I2C_StatusCallback *****************
 Defined at:
		line 149 in file "mcc_generated_files/i2c.c"
 Parameters:    Size  Location     Type
  i2c_bus_stat    1    wreg     enum E15097
 Auto vars:     Size  Location     Type
  i2c_bus_stat    1    0[COMRAM] enum E15097
 Return value:  Size  Location     Type
                  1    wreg      void 
 Registers used:
		wreg, status,2, status,0
 Tracked objects:
		On entry : 
		On exit  : 
		Unchanged: 
 Data sizes:     COMRAM   BANK0   BANK1   BANK2   BANK3   BANK4   BANK5   BANK6   BANK7   BANK8   BANK9  BANK10  BANK11  BANK12  BANK13  BANK14
      Params:         0       0       0       0       0       0       0       0       0       0       0       0       0       0       0       0
      Locals:         1       0       0       0       0       0       0       0       0       0       0       0       0       0       0       0
      Temps:          0       0       0       0       0       0       0       0       0       0       0       0       0       0       0       0
      Totals:         1       0       0       0       0       0       0       0       0       0       0       0       0       0       0       0
Total ram usage:        1 bytes
 Hardware stack levels used:    1
 This function calls:
		Nothing
 This function is called by:
		_I2C_ISR
 This function uses a non-reentrant model


 *************** function _EUSART2_Transmit_ISR *****************
 Defined at:
		line 178 in file "mcc_generated_files/eusart2.c"
 Parameters:    Size  Location     Type
		None
 Auto vars:     Size  Location     Type
		None
 Return value:  Size  Location     Type
                  1    wreg      void 
 Registers used:
		wreg, fsr2l, fsr2h, status,2, status,0, prodl, prodh
 Tracked objects:
		On entry : 
		On exit  : 
		Unchanged: 
 Data sizes:     COMRAM   BANK0   BANK1   BANK2   BANK3   BANK4   BANK5   BANK6   BANK7   BANK8   BANK9  BANK10  BANK11  BANK12  BANK13  BANK14
      Params:         0       0       0       0       0       0       0       0       0       0       0       0       0       0       0       0
      Locals:         0       0       0       0       0       0       0       0       0       0       0       0       0       0       0       0
      Temps:          0       0       0       0       0       0       0       0       0       0       0       0       0       0       0       0
      Totals:         0       0       0       0       0       0       0       0       0       0       0       0       0       0       0       0
Total ram usage:        0 bytes
 Hardware stack levels used:    1
 This function calls:
		Nothing
 This function is called by:
		_EUSART2_Initialize
		_INTERRUPT_InterruptManager
 This function uses a non-reentrant model


 *************** function _EUSART1_Transmit_ISR *****************
 Defined at:
		line 172 in file "mcc_generated_files/eusart1.c"
 Parameters:    Size  Location     Type
		None
 Auto vars:     Size  Location     Type
		None
 Return value:  Size  Location     Type
                  1    wreg      void 
 Registers used:
		wreg, fsr2l, fsr2h, status,2, status,0, prodl, prodh
 Tracked objects:
		On entry : 
		On exit  : 
		Unchanged: 
 Data sizes:     COMRAM   BANK0   BANK1   BANK2   BANK3   BANK4   BANK5   BANK6   BANK7   BANK8   BANK9  BANK10  BANK11  BANK12  BANK13  BANK14
      Params:         0       0       0       0       0       0       0       0       0       0       0       0       0       0       0       0
      Locals:         0       0       0       0       0       0       0       0       0       0       0       0       0       0       0       0
      Temps:          0       0       0       0       0       0       0       0       0       0       0       0       0       0       0       0
      Totals:         0       0       0       0       0       0       0       0       0       0       0       0       0       0       0       0
Total ram usage:        0 bytes
 Hardware stack levels used:    1
 This function calls:
		Nothing
 This function is called by:
		_EUSART1_Initialize
		_INTERRUPT_InterruptManager
 This function uses a non-reentrant model


 *************** function _EUSART1_Receive_ISR *****************
 Defined at:
		line 191 in file "mcc_generated_files/eusart1.c"
 Parameters:    Size  Location     Type
		None
 Auto vars:     Size  Location     Type
		None
 Return value:  Size  Location     Type
                  1    wreg      void 
 Registers used:
		wreg, fsr2l, fsr2h, status,2, status,0, prodl, prodh
 Tracked objects:
		On entry : 
		On exit  : 
		Unchanged: 
 Data sizes:     COMRAM   BANK0   BANK1   BANK2   BANK3   BANK4   BANK5   BANK6   BANK7   BANK8   BANK9  BANK10  BANK11  BANK12  BANK13  BANK14
      Params:         0       0       0       0       0       0       0       0       0       0       0       0       0       0       0       0
      Locals:         0       0       0       0       0       0       0       0       0       0       0       0       0       0       0       0
      Temps:          0       0       0       0       0       0       0       0       0       0       0       0       0       0       0       0
      Totals:         0       0       0       0       0       0       0       0       0       0       0       0       0       0       0       0
Total ram usage:        0 bytes
 Hardware stack levels used:    1
 This function calls:
		Nothing
 This function is called by:
		_EUSART1_Initialize
		_INTERRUPT_InterruptManager
 This function uses a non-reentrant model



MODULE INFORMATION

Module		Function		Class		Link	Load	Size
mcc_generated_files/eusart2.c
		_EUSART2_Receive_ISR		CODE           	17F2	0000	47
		_EUSART2_Transmit_ISR		CODE           	1792	0000	49
		_EUSART2_SetRxInterruptHandler		CODE           	1AEA	0000	11
		_EUSART2_SetTxInterruptHandler		CODE           	1AE0	0000	11
		_EUSART2_Initialize		CODE           	13F0	0000	97

mcc_generated_files/eusart2.c estimated size: 215

C:\Program Files (x86)\Microchip\xc8\v1.45\sources\common\doprnt.c
		_printf        		CODE           	0AD0	0000	303

C:\Program Files (x86)\Microchip\xc8\v1.45\sources\common\doprnt.c estimated size: 303

mcc_generated_files/tmr2.c
		_TMR2_ISR      		CODE           	1912	0000	33
		_TMR2_Initialize		CODE           	18F2	0000	33
		_TMR2_SetInterruptHandler		CODE           	1AA4	0000	11
		_TMR2_DefaultInterruptHandler		CODE           	1B24	0000	3
		_TMR2_CallBack 		CODE           	1932	0000	33

mcc_generated_files/tmr2.c estimated size: 113

mcc_generated_files/interrupt_manager.c
		_INTERRUPT_Initialize		CODE           	1B1E	0000	5
		_INTERRUPT_InterruptManager		CODE           	0008	0000	305

mcc_generated_files/interrupt_manager.c estimated size: 310

C:\Program Files (x86)\Microchip\xc8\v1.45\sources\common\Umul16.c
		___wmul        		CODE           	18A4	0000	41

C:\Program Files (x86)\Microchip\xc8\v1.45\sources\common\Umul16.c estimated size: 41

mcc_generated_files/i2c.c
		_I2C_StatusCallback		CODE           	1A0C	0000	27
		_I2C_ISR       		CODE           	15E8	0000	69
		_I2C_Initialize		CODE           	184E	0000	45
		_I2C_SetInterruptHandler		CODE           	1AD6	0000	11

mcc_generated_files/i2c.c estimated size: 152

tft.c
		_lcd_text      		CODE           	030C	0000	427
		_lcd_text_color		CODE           	0656	0000	417
		_lcd_memory_start		CODE           	1B08	0000	9
		_lcd_point     		CODE           	100A	0000	191
		_lcd_sign      		CODE           	0BFE	0000	285
		_lcd_set_background		CODE           	1314	0000	119
		_lcd_set_address		CODE           	159A	0000	79
		_lcd_pix       		CODE           	0D1A	0000	261
		_lcd_write_bus 		CODE           	1A70	0000	15
		_lcd_pix_color 		CODE           	0E1E	0000	247
		_bitRead       		CODE           	162C	0000	67
		_lcd_write_command		CODE           	1A3E	0000	19
		_lcd_init      		CODE           	0994	0000	317
		_lcd_number    		CODE           	07F6	0000	415

tft.c estimated size: 2868

mcc_generated_files/pin_manager.c
		_IOCB4_DefaultInterruptHandler		CODE           	1B2C	0000	3
		_PIN_MANAGER_Initialize		CODE           	1298	0000	125
		_IOCB5_ISR     		CODE           	1992	0000	33
		_IOCB6_SetInterruptHandler		CODE           	1AB8	0000	11
		_IOCB5_DefaultInterruptHandler		CODE           	1B2A	0000	3
		_IOCB6_ISR     		CODE           	1972	0000	33
		_IOCB7_SetInterruptHandler		CODE           	1AAE	0000	11
		_IOCB6_DefaultInterruptHandler		CODE           	1B28	0000	3
		_IOCB7_ISR     		CODE           	1952	0000	33
		_IOCB7_DefaultInterruptHandler		CODE           	1B26	0000	3
		_PIN_MANAGER_IOC		CODE           	19F0	0000	29
		_IOCB4_SetInterruptHandler		CODE           	1ACC	0000	11
		_IOCB4_ISR     		CODE           	19B2	0000	33
		_IOCB5_SetInterruptHandler		CODE           	1AC2	0000	11

mcc_generated_files/pin_manager.c estimated size: 342

C:\Program Files (x86)\Microchip\xc8\v1.45\sources\common\lwmod.c
		___lwmod       		CODE           	166E	0000	67

C:\Program Files (x86)\Microchip\xc8\v1.45\sources\common\lwmod.c estimated size: 67

shared
		_digitos       		MEDIUMCONST    	FB39	0000	485
		i2_putch       		CODE           	1A98	0000	13
		i2_lcd_write_bus		CODE           	1A8C	0000	13
		_dpowers       		MEDIUMCONST    	FF9D	0000	11
		i2_lcd_set_address		CODE           	16EE	0000	63
		i2_strcpy      		CODE           	1760	0000	51
		i2___wmul      		CODE           	18CC	0000	39
		i2_lcd_write_command		CODE           	1A7E	0000	15
		__initialization		CODE           	138A	0000	93
		i2_lcd_text    		CODE           	04B6	0000	417
		i2_lcd_memory_start		CODE           	1B10	0000	9
		i2_bitRead     		CODE           	16B0	0000	63
		_texto         		MEDIUMCONST    	FD1D	0000	345
		i2_lcd_pix     		CODE           	0F14	0000	247
		_digit         		MEDIUMCONST    	FE75	0000	297
		i2_lcd_point   		CODE           	10C8	0000	181

shared estimated size: 2342

mcc_generated_files/eusart1.c
		_EUSART1_SetRxInterruptHandler		CODE           	1AFE	0000	11
		_EUSART1_SetTxInterruptHandler		CODE           	1AF4	0000	11
		_EUSART1_Initialize		CODE           	14A6	0000	83
		_EUSART1_Receive_ISR		CODE           	1820	0000	47
		_EUSART1_Transmit_ISR		CODE           	17C2	0000	49

mcc_generated_files/eusart1.c estimated size: 201

mcc_generated_files/mcc.c
		_OSCILLATOR_Initialize		CODE           	1A50	0000	19
		_SYSTEM_Initialize		CODE           	19D2	0000	31

mcc_generated_files/mcc.c estimated size: 50

C:\Program Files (x86)\Microchip\xc8\v1.45\sources\common\lwdiv.c
		___lwdiv       		CODE           	14F8	0000	83

C:\Program Files (x86)\Microchip\xc8\v1.45\sources\common\lwdiv.c estimated size: 83

C:\Program Files (x86)\Microchip\xc8\v1.45\sources\common\awdiv.c
		___awdiv       		CODE           	1214	0000	133

C:\Program Files (x86)\Microchip\xc8\v1.45\sources\common\awdiv.c estimated size: 133

main.c
		_putch         		CODE           	1A62	0000	15
		_main          		CODE           	117C	0000	153
		_tmr2_custom_isr		CODE           	013C	0000	465
		_I2C_StatusCallback2		CODE           	1450	0000	87
		_uart2_rx_custom_isr		CODE           	187A	0000	43
		_I2C_custom_isr		CODE           	154A	0000	81
		_save_uart_data		CODE           	1A26	0000	25

main.c estimated size: 869

C:\Program Files (x86)\Microchip\xc8\v1.45\sources\common\strcpy.c
		_strcpy        		CODE           	172C	0000	53

C:\Program Files (x86)\Microchip\xc8\v1.45\sources\common\strcpy.c estimated size: 53

