Microchip MPLAB XC8 Compiler V1.45 ()

Linker command line:

-W-3 --edf=C:\Program Files (x86)\Microchip\xc8\v1.45\dat\en_msgs.txt -cs \
  -h+dist/default/production\hmi.X.production.sym \
  --cmf=dist/default/production\hmi.X.production.cmf -z -Q18F46K80 \
  -oC:\Users\HSAINT~1\AppData\Local\Temp\seko.2 \
  -Mdist/default/production/hmi.X.production.map -E1 -ver=XC8 \
  -ASTACK=05ADh-0e40h -pstack=STACK -ACODE=00h-0FFFFh -ACONST=00h-0FFFFh \
  -ASMALLCONST=0F00h-0FFFhx241 -AMEDIUMCONST=0F00h-0FFFFh -ACOMRAM=01h-05Fh \
  -AABS1=00h-0E40h -ABIGRAM=01h-0E40h \
  -ARAM=060h-0FFh,0100h-01FFhx13,0E00h-0E40h -ABANK0=060h-0FFh \
  -ABANK1=0100h-01FFh -ABANK2=0200h-02FFh -ABANK3=0300h-03FFh \
  -ABANK4=0400h-04FFh -ABANK5=0500h-05FFh -ABANK6=0600h-06FFh \
  -ABANK7=0700h-07FFh -ABANK8=0800h-08FFh -ABANK9=0900h-09FFh \
  -ABANK10=0A00h-0AFFh -ABANK11=0B00h-0BFFh -ABANK12=0C00h-0CFFh \
  -ABANK13=0D00h-0DFFh -ABANK14=0E00h-0E40h \
  -ASFR=0E41h-0EFFh,0F00h-0F5Fh,0F60h-0FFFh \
  -preset_vec=00h,intcode=08h,intcodelo,powerup,init -pramtop=0F00h \
  -psmallconst=SMALLCONST -pmediumconst=MEDIUMCONST -pconst=CONST \
  -AFARRAM=00h-00h -ACONFIG=0300000h-030000Dh -pconfig=CONFIG \
  -AIDLOC=0200000h-0200007h -pidloc=IDLOC -AEEDATA=0F00000h-0F003FFh \
  -peeprom_data=EEDATA \
  -prdata=COMRAM,nvrram=COMRAM,nvbit=COMRAM,rbss=COMRAM,rbit=COMRAM \
  -pfarbss=FARRAM,fardata=FARRAM,nvFARRAM=FARRAM \
  -pintsave_regs=BIGRAM,bigbss=BIGRAM,bigdata=BIGRAM -pbss=RAM \
  -pidata=CODE,irdata=CODE,ibigdata=CODE,ifardata=CODE -prparam=COMRAM \
  C:\Users\HSAINT~1\AppData\Local\Temp\seko.obj \
  dist/default/production\hmi.X.production.obj 

Object code version is 3.11

Machine type is 18F46K80

Call graph: (short form)




                Name                               Link     Load   Length Selector   Space Scale
C:\Users\HSAINT~1\AppData\Local\Temp\seko.obj
                init                                92C      92C        4        4       0
                reset_vec                             0        0        4        0       0
                idloc                            200000   200000        8   200000       0
                config                           300000   300000        E   300000       0
dist/default/production\hmi.X.production.obj
                intcode                               8        8      924        4       0
                temp                                 5F       5F        1        1       1
                mediumconst                        FC5A     FC5A      3A6     7E2D       0
                text77                             40C6     40C6       84     1FCE       0
                text76                             1DE0     1DE0      320        4       0
                text75                             4BDA     4BDA       16     25E2       0
                text74                             4AF0     4AF0       26     1FCE       0
                text73                             4C32     4C32        C     25E2       0
                text72                             4C24     4C24        E     25E2       0
                text71                             4C50     4C50        8     25E2       0
                text70                             496E     496E       3E     1FCE       0
                text69                             384A     384A       F6        4       0
                text68                             2DE6     2DE6      11C        4       0
                text67                             4930     4930       3E     1FCE       0
                text66                             25D0     25D0      1C0        4       0
                text65                             3E2E     3E2E       B8        4       0
                text64                             49AC     49AC       3A     1FCE       0
                text63                             3754     3754       F6        4       0
                text62                             19CC     19CC      414        4       0
                text61                             2B8E     2B8E      13A        4       0
                text60                             28E6     28E6      156        4       0
                text59                             4398     4398       64     1FCE       0
                text58                             3A2E     3A2E       EE        4       0
                text57                             47DC     47DC       48     1FCE       0
                text56                             3D6E     3D6E       C0        4       0
                text55                             4794     4794       48     1FCE       0
                text54                             474C     474C       48     1FCE       0
                text53                             4704     4704       48     1FCE       0
                text52                             3CAE     3CAE       C0        4       0
                text51                             3940     3940       EE        4       0
                text50                             2790     2790      156        4       0
                text49                             46BA     46BA       4A     1FCE       0
                text48                             4670     4670       4A     1FCE       0
                text47                             4626     4626       4A     1FCE       0
                text46                             45DC     45DC       4A     1FCE       0
                text45                             4592     4592       4A     1FCE       0
                text44                             3BEE     3BEE       C0        4       0
                text43                             4034     4034       92     1FCE       0
                text42                             3246     3246      112        4       0
                text41                             432A     432A       6E     1FCE       0
                text40                             4BC4     4BC4       16     25E2       0
                text39                             4A9E     4A9E       2A     1FCE       0
                text38                              930      930      C3E        4       0
                text37                             4A18     4A18       30     1FCE       0
                text36                             3B1C     3B1C       D2        4       0
                text35                             44A8     44A8       52     1FCE       0
                text34                             48EE     48EE       42     1FCE       0
                text33                             4B76     4B76       1E     1FCE       0
                text32                             4B58     4B58       1E     1FCE       0
                text31                             238A     238A      246        4       0
                text30                             4868     4868       44     1FCE       0
                text28                             4BF0     4BF0       14     25E2       0
                text27                             4C3E     4C3E        A     25E2       0
                text26                             4C16     4C16        E     25E2       0
                text25                             4C04     4C04       12     25E2       0
                text24                             2A3C     2A3C      152        4       0
                text23                             48AC     48AC       42     1FCE       0
                text22                             4AC8     4AC8       28     1FCE       0
                text21                             4C48     4C48        8     25E2       0
                text20                             44FA     44FA       4E     1FCE       0
                text19                             3130     3130      116        4       0
                text18                             301A     301A      116        4       0
                text17                             156E     156E      45E        4       0
                text16                             49E6     49E6       32     1FCE       0
                text15                             3658     3658       FC        4       0
                text14                             4242     4242       78     1FCE       0
                text13                             4B94     4B94       18     1FCE       0
                text12                             4A48     4A48       2C     1FCE       0
                text11                             43FC     43FC       58     1FCE       0
                text10                             4454     4454       54     1FCE       0
                text9                              4824     4824       44     1FCE       0
                text8                              4B16     4B16       22     1FCE       0
                text7                              4B38     4B38       20     1FCE       0
                text6                              2100     2100      28A        4       0
                text5                              4548     4548       4A     1FCE       0
                text4                              4A74     4A74       2A     1FCE       0
                text3                              3F9C     3F9C       98     1FCE       0
                text2                              41C6     41C6       7C     1FCE       0
                text1                              414A     414A       7C     1FCE       0
                text0                              2CC8     2CC8      11E        4       0
                cstackCOMRAM                          1        1       59        1       1
                cstackBANK0                          60       60       3A       60       1
                cstackBANK1                         1EE      1EE       12      100       1
                cstackBANK5                         570      570       29      500       1
                dataBANK5                           500      500       70      500       1
                bssBANK5                            599      599       14      500       1
                dataBANK4                           400      400      100      400       1
                dataBANK3                           300      300      100      300       1
                dataBANK2                           200      200      100      200       1
                dataBANK1                           100      100       B5      100       1
                bssBANK1                            1B5      1B5       39      100       1
                dataBANK0                            B6       B6       17       60       1
                bssBANK0                             9A       9A       1C       60       1
                dataCOMRAM                           5E       5E        1        1       1
                bssCOMRAM                            5A       5A        4        1       1
                cinit                              2F02     2F02      118        4       0
                idataBANK5                         42BA     42BA       70     1FCE       0
                idataBANK4                         3558     3558      100        4       0
                idataBANK3                         3458     3458      100        4       0
                idataBANK2                         3358     3358      100        4       0
                idataBANK1                         3EE6     3EE6       B5        4       0
                idataBANK0                         4BAC     4BAC       17     1FCE       0
                idataCOMRAM                        4C58     4C58        1     25E2       0

TOTAL           Name                               Link     Load   Length     Space
        CLASS   STACK          

        CLASS   CODE           
                intcode                               8        8      924         0
                init                                92C      92C        4         0
                reset_vec                             0        0        4         0
                text77                             40C6     40C6       84         0
                text76                             1DE0     1DE0      320         0
                text75                             4BDA     4BDA       16         0
                text74                             4AF0     4AF0       26         0
                text73                             4C32     4C32        C         0
                text72                             4C24     4C24        E         0
                text71                             4C50     4C50        8         0
                text70                             496E     496E       3E         0
                text69                             384A     384A       F6         0
                text68                             2DE6     2DE6      11C         0
                text67                             4930     4930       3E         0
                text66                             25D0     25D0      1C0         0
                text65                             3E2E     3E2E       B8         0
                text64                             49AC     49AC       3A         0
                text63                             3754     3754       F6         0
                text62                             19CC     19CC      414         0
                text61                             2B8E     2B8E      13A         0
                text60                             28E6     28E6      156         0
                text59                             4398     4398       64         0
                text58                             3A2E     3A2E       EE         0
                text57                             47DC     47DC       48         0
                text56                             3D6E     3D6E       C0         0
                text55                             4794     4794       48         0
                text54                             474C     474C       48         0
                text53                             4704     4704       48         0
                text52                             3CAE     3CAE       C0         0
                text51                             3940     3940       EE         0
                text50                             2790     2790      156         0
                text49                             46BA     46BA       4A         0
                text48                             4670     4670       4A         0
                text47                             4626     4626       4A         0
                text46                             45DC     45DC       4A         0
                text45                             4592     4592       4A         0
                text44                             3BEE     3BEE       C0         0
                text43                             4034     4034       92         0
                text42                             3246     3246      112         0
                text41                             432A     432A       6E         0
                text40                             4BC4     4BC4       16         0
                text39                             4A9E     4A9E       2A         0
                text38                              930      930      C3E         0
                text37                             4A18     4A18       30         0
                text36                             3B1C     3B1C       D2         0
                text35                             44A8     44A8       52         0
                text34                             48EE     48EE       42         0
                text33                             4B76     4B76       1E         0
                text32                             4B58     4B58       1E         0
                text31                             238A     238A      246         0
                text30                             4868     4868       44         0
                text28                             4BF0     4BF0       14         0
                text27                             4C3E     4C3E        A         0
                text26                             4C16     4C16        E         0
                text25                             4C04     4C04       12         0
                text24                             2A3C     2A3C      152         0
                text23                             48AC     48AC       42         0
                text22                             4AC8     4AC8       28         0
                text21                             4C48     4C48        8         0
                text20                             44FA     44FA       4E         0
                text19                             3130     3130      116         0
                text18                             301A     301A      116         0
                text17                             156E     156E      45E         0
                text16                             49E6     49E6       32         0
                text15                             3658     3658       FC         0
                text14                             4242     4242       78         0
                text13                             4B94     4B94       18         0
                text12                             4A48     4A48       2C         0
                text11                             43FC     43FC       58         0
                text10                             4454     4454       54         0
                text9                              4824     4824       44         0
                text8                              4B16     4B16       22         0
                text7                              4B38     4B38       20         0
                text6                              2100     2100      28A         0
                text5                              4548     4548       4A         0
                text4                              4A74     4A74       2A         0
                text3                              3F9C     3F9C       98         0
                text2                              41C6     41C6       7C         0
                text1                              414A     414A       7C         0
                text0                              2CC8     2CC8      11E         0
                cinit                              2F02     2F02      118         0
                idataBANK5                         42BA     42BA       70         0
                idataBANK4                         3558     3558      100         0
                idataBANK3                         3458     3458      100         0
                idataBANK2                         3358     3358      100         0
                idataBANK1                         3EE6     3EE6       B5         0
                idataBANK0                         4BAC     4BAC       17         0
                idataCOMRAM                        4C58     4C58        1         0

        CLASS   CONST          

        CLASS   SMALLCONST     

        CLASS   MEDIUMCONST    
                mediumconst                        FC5A     FC5A      3A6         0

        CLASS   COMRAM         
                temp                                 5F       5F        1         1
                cstackCOMRAM                          1        1       59         1
                dataCOMRAM                           5E       5E        1         1
                bssCOMRAM                            5A       5A        4         1

        CLASS   ABS1           

        CLASS   BIGRAM         

        CLASS   RAM            

        CLASS   BANK0          
                cstackBANK0                          60       60       3A         1
                dataBANK0                            B6       B6       17         1
                bssBANK0                             9A       9A       1C         1

        CLASS   BANK1          
                cstackBANK1                         1EE      1EE       12         1
                dataBANK1                           100      100       B5         1
                bssBANK1                            1B5      1B5       39         1

        CLASS   BANK2          
                dataBANK2                           200      200      100         1

        CLASS   BANK3          
                dataBANK3                           300      300      100         1

        CLASS   BANK4          
                dataBANK4                           400      400      100         1

        CLASS   BANK5          
                cstackBANK5                         570      570       29         1
                dataBANK5                           500      500       70         1
                bssBANK5                            599      599       14         1

        CLASS   BANK6          

        CLASS   BANK7          

        CLASS   BANK8          

        CLASS   BANK9          

        CLASS   BANK10         

        CLASS   BANK11         

        CLASS   BANK12         

        CLASS   BANK13         

        CLASS   BANK14         

        CLASS   SFR            

        CLASS   FARRAM         

        CLASS   CONFIG         
                config                           300000   300000        E         0

        CLASS   IDLOC          
                idloc                            200000   200000        8         0

        CLASS   EEDATA         



SEGMENTS        Name                           Load    Length   Top    Selector   Space  Class

                reset_vec                      000000  000004  000004         0       0  CODE    
                cstackCOMRAM                   000001  00005F  000060         1       1  COMRAM  
                intcode                        000008  003F93  003F9B         4       0  CODE    
                cstackBANK0                    000060  00006D  0000CD        60       1  BANK0   
                dataBANK1                      000100  000100  000200       100       1  BANK1   
                dataBANK2                      000200  000100  000300       200       1  BANK2   
                dataBANK3                      000300  000100  000400       300       1  BANK3   
                dataBANK4                      000400  000100  000500       400       1  BANK4   
                dataBANK5                      000500  0000AD  0005AD       500       1  BANK5   
                text3                          003F9C  000C27  004BC3      1FCE       0  CODE    
                text40                         004BC4  000095  004C59      25E2       0  CODE    
                mediumconst                    00FC5A  0003A6  010000      7E2D       0  MEDIUMCO
                idloc                          200000  000008  200008    200000       0  IDLOC   
                config                         300000  00000E  30000E    300000       0  CONFIG  


UNUSED ADDRESS RANGES

        Name                Unused          Largest block    Delta
        BANK0            0000CD-0000FF               33
        BANK10           000A00-000AFF              100
        BANK11           000B00-000BFF              100
        BANK12           000C00-000CFF              100
        BANK13           000D00-000DFF              100
        BANK14           000E00-000E40               41
        BANK5            0005AD-0005FF               53
        BANK6            000600-0006FF              100
        BANK7            000700-0007FF              100
        BANK8            000800-0008FF              100
        BANK9            000900-0009FF              100
        BIGRAM           0000CD-0000FF               33
                         0005AD-000E40              894
        CODE             000004-000007                4
                         003F9B-003F9B                1
                         004BC3-004BC3                1
                         004C59-00FC59             B001
        CONST            000004-000007                4
                         003F9B-003F9B                1
                         004BC3-004BC3                1
                         004C59-00FC59             B001
        EEDATA           F00000-F003FF              400
        MEDIUMCONST      003F9B-003F9B                1
                         004BC3-004BC3                1
                         004C59-00FC59             B001
        RAM              0000CD-0000FF               33
                         0005AD-000E40              100
        SFR              000E41-000FFF               BF
        SMALLCONST       003F9B-003F9B                1
                         004BC3-004BC3                1
                         004C59-00FC59              100
        STACK            0005AD-000E40              894

                                  Symbol Table

?___awdiv                      cstackCOMRAM 000001
?___lldiv                      cstackBANK1  0001EE
?___lwdiv                      cstackBANK0  000093
?___lwmod                      cstackBANK1  0001EE
?___wmul                       cstackBANK0  000093
?_printf                       cstackBANK1  0001F3
?i2___lwdiv                    cstackCOMRAM 000001
?i2___lwmod                    cstackCOMRAM 000008
?i2___wmul                     cstackCOMRAM 000001
?i2_printf                     cstackCOMRAM 00000D
_ANCON0                        (abs)        000F5D
_ANCON1                        (abs)        000F5C
_BAUDCON1bits                  (abs)        000FA7
_BAUDCON2bits                  (abs)        000FB9
_EEADR                         (abs)        000F74
_EEADRH                        (abs)        000F75
_EECON1bits                    (abs)        000F7F
_EECON2                        (abs)        000F7E
_EEDATA                        (abs)        000F73
_INTCON                        (abs)        000FF2
_INTCONbits                    (abs)        000FF2
_IPR1                          (abs)        000F9F
_IPR2                          (abs)        000FA2
_IPR3                          (abs)        000FA5
_IPR4                          (abs)        000FB8
_IPR5                          (abs)        000F78
_LATA                          (abs)        000F89
_LATA0                         (abs)        007C48
_LATA1                         (abs)        007C49
_LATA2                         (abs)        007C4A
_LATA3                         (abs)        007C4B
_LATAbits                      (abs)        000F89
_LATB                          (abs)        000F8A
_LATCbits                      (abs)        000F8B
_LATD                          (abs)        000F8C
_LATDbits                      (abs)        000F8C
_OSCCON                        (abs)        000FD3
_OSCTUNE                       (abs)        000F9B
_PIE1bits                      (abs)        000F9D
_PIE3bits                      (abs)        000FA3
_PIR1bits                      (abs)        000F9E
_PIR3bits                      (abs)        000FA4
_PIR4bits                      (abs)        000FB7
_PORTAbits                     (abs)        000F80
_PORTC                         (abs)        000F82
_PORTCbits                     (abs)        000F82
_PORTDbits                     (abs)        000F83
_PR2                           (abs)        000FCB
_RCONbits                      (abs)        000FD0
_RCREG1                        (abs)        000FAE
_RCREG2                        (abs)        000F7A
_RCSTA1                        (abs)        000FAB
_RCSTA1bits                    (abs)        000FAB
_RCSTA2                        (abs)        000FA6
_RCSTA2bits                    (abs)        000FA6
_SPBRG1                        (abs)        000FAF
_SPBRG2                        (abs)        000F7B
_SPBRGH1                       (abs)        000F7D
_SPBRGH2                       (abs)        000F7C
_T2CON                         (abs)        000FCA
_T2CONbits                     (abs)        000FCA
_TRISA                         (abs)        000F92
_TRISAbits                     (abs)        000F92
_TRISB                         (abs)        000F93
_TRISC                         (abs)        000F94
_TRISCbits                     (abs)        000F94
_TRISD                         (abs)        000F95
_TRISDbits                     (abs)        000F95
_TXREG1                        (abs)        000FAD
_TXREG2                        (abs)        000F79
_TXSTA1                        (abs)        000FAC
_TXSTA2                        (abs)        000FBA
__CFG_BBSIZ$BB2K               (abs)        000000
__CFG_BOREN$SBORDIS            (abs)        000000
__CFG_BORPWR$ZPBORMV           (abs)        000000
__CFG_BORV$3                   (abs)        000000
__CFG_CANMX$PORTB              (abs)        000000
__CFG_CP0$OFF                  (abs)        000000
__CFG_CP1$OFF                  (abs)        000000
__CFG_CP2$OFF                  (abs)        000000
__CFG_CP3$OFF                  (abs)        000000
__CFG_CPB$OFF                  (abs)        000000
__CFG_CPD$OFF                  (abs)        000000
__CFG_EBTR0$OFF                (abs)        000000
__CFG_EBTR1$OFF                (abs)        000000
__CFG_EBTR2$OFF                (abs)        000000
__CFG_EBTR3$OFF                (abs)        000000
__CFG_EBTRB$OFF                (abs)        000000
__CFG_FCMEN$OFF                (abs)        000000
__CFG_FOSC$INTIO2              (abs)        000000
__CFG_IESO$OFF                 (abs)        000000
__CFG_INTOSCSEL$HIGH           (abs)        000000
__CFG_MCLRE$ON                 (abs)        000000
__CFG_MSSPMSK$MSK7             (abs)        000000
__CFG_PLLCFG$ON                (abs)        000000
__CFG_PWRTEN$OFF               (abs)        000000
__CFG_RETEN$OFF                (abs)        000000
__CFG_SOSCSEL$DIG              (abs)        000000
__CFG_STVREN$ON                (abs)        000000
__CFG_WDTEN$OFF                (abs)        000000
__CFG_WDTPS$1048576            (abs)        000000
__CFG_WRT0$OFF                 (abs)        000000
__CFG_WRT1$OFF                 (abs)        000000
__CFG_WRT2$OFF                 (abs)        000000
__CFG_WRT3$OFF                 (abs)        000000
__CFG_WRTB$OFF                 (abs)        000000
__CFG_WRTC$OFF                 (abs)        000000
__CFG_WRTD$OFF                 (abs)        000000
__CFG_XINST$OFF                (abs)        000000
__HRAM                         (abs)        000000
__Habs1                        abs1         000000
__Hbank0                       bank0        000000
__Hbank1                       bank1        000000
__Hbank10                      bank10       000000
__Hbank11                      bank11       000000
__Hbank12                      bank12       000000
__Hbank13                      bank13       000000
__Hbank14                      bank14       000000
__Hbank2                       bank2        000000
__Hbank3                       bank3        000000
__Hbank4                       bank4        000000
__Hbank5                       bank5        000000
__Hbank6                       bank6        000000
__Hbank7                       bank7        000000
__Hbank8                       bank8        000000
__Hbank9                       bank9        000000
__Hbigbss                      bigbss       000000
__Hbigdata                     bigdata      000000
__Hbigram                      bigram       000000
__Hbss                         bss          000000
__HbssBANK0                    bssBANK0     000000
__HbssBANK1                    bssBANK1     000000
__HbssBANK5                    bssBANK5     000000
__HbssCOMRAM                   bssCOMRAM    000000
__Hcinit                       cinit        000000
__Hclrtext                     clrtext      000000
__Hcomram                      comram       000000
__Hconfig                      config       30000E
__Hconst                       const        000000
__HcstackBANK0                 cstackBANK0  000000
__HcstackBANK1                 cstackBANK1  000000
__HcstackBANK5                 cstackBANK5  000000
__HcstackCOMRAM                cstackCOMRAM 000000
__Hdata                        data         000000
__HdataBANK0                   dataBANK0    000000
__HdataBANK1                   dataBANK1    000000
__HdataBANK2                   dataBANK2    000000
__HdataBANK3                   dataBANK3    000000
__HdataBANK4                   dataBANK4    000000
__HdataBANK5                   dataBANK5    000000
__HdataCOMRAM                  dataCOMRAM   000000
__Heeprom_data                 eeprom_data  000000
__Hfarbss                      farbss       000000
__Hfardata                     fardata      000000
__Hibigdata                    ibigdata     000000
__Hidata                       idata        000000
__HidataBANK0                  idataBANK0   000000
__HidataBANK1                  idataBANK1   000000
__HidataBANK2                  idataBANK2   000000
__HidataBANK3                  idataBANK3   000000
__HidataBANK4                  idataBANK4   000000
__HidataBANK5                  idataBANK5   000000
__HidataCOMRAM                 idataCOMRAM  000000
__Hidloc                       idloc        200008
__Hifardata                    ifardata     000000
__Hinit                        init         000930
__Hintcode                     intcode      00092C
__Hintcode_body                intcode_body 000000
__Hintcodelo                   intcodelo    00092C
__Hintentry                    intentry     000000
__Hintret                      intret       000000
__Hintsave_regs                intsave_regs 000000
__Hirdata                      irdata       000000
__Hmediumconst                 mediumconst  010000
__HnvFARRAM                    nvFARRAM     000000
__Hnvbit                       nvbit        000000
__Hnvrram                      nvrram       000000
__Hparam                       rparam       000000
__Hpowerup                     powerup      00092C
__Hram                         ram          000000
__Hramtop                      ramtop       000F00
__Hrbit                        rbit         000000
__Hrbss                        rbss         000000
__Hrdata                       rdata        000000
__Hreset_vec                   reset_vec    000004
__Hrparam                      rparam       000000
__Hsfr                         sfr          000000
__Hsmallconst                  smallconst   000000
__Hspace_0                     (abs)        30000E
__Hspace_1                     (abs)        0005AD
__Hspace_2                     (abs)        000000
__Hstack                       stack        000000
__Hstruct                      struct       000000
__Htemp                        temp         000060
__Htext                        text         000000
__Htext0                       text0        000000
__Htext1                       text1        000000
__Htext10                      text10       000000
__Htext11                      text11       000000
__Htext12                      text12       000000
__Htext13                      text13       000000
__Htext14                      text14       000000
__Htext15                      text15       000000
__Htext16                      text16       000000
__Htext17                      text17       000000
__Htext18                      text18       000000
__Htext19                      text19       000000
__Htext2                       text2        000000
__Htext20                      text20       000000
__Htext21                      text21       000000
__Htext22                      text22       000000
__Htext23                      text23       000000
__Htext24                      text24       000000
__Htext25                      text25       000000
__Htext26                      text26       000000
__Htext27                      text27       000000
__Htext28                      text28       000000
__Htext3                       text3        000000
__Htext30                      text30       000000
__Htext31                      text31       000000
__Htext32                      text32       000000
__Htext33                      text33       000000
__Htext34                      text34       000000
__Htext35                      text35       000000
__Htext36                      text36       000000
__Htext37                      text37       000000
__Htext38                      text38       000000
__Htext39                      text39       000000
__Htext4                       text4        000000
__Htext40                      text40       000000
__Htext41                      text41       000000
__Htext42                      text42       000000
__Htext43                      text43       000000
__Htext44                      text44       000000
__Htext45                      text45       000000
__Htext46                      text46       000000
__Htext47                      text47       000000
__Htext48                      text48       000000
__Htext49                      text49       000000
__Htext5                       text5        000000
__Htext50                      text50       000000
__Htext51                      text51       000000
__Htext52                      text52       000000
__Htext53                      text53       000000
__Htext54                      text54       000000
__Htext55                      text55       000000
__Htext56                      text56       000000
__Htext57                      text57       000000
__Htext58                      text58       000000
__Htext59                      text59       000000
__Htext6                       text6        000000
__Htext60                      text60       000000
__Htext61                      text61       000000
__Htext62                      text62       000000
__Htext63                      text63       000000
__Htext64                      text64       000000
__Htext65                      text65       000000
__Htext66                      text66       000000
__Htext67                      text67       000000
__Htext68                      text68       000000
__Htext69                      text69       000000
__Htext7                       text7        000000
__Htext70                      text70       000000
__Htext71                      text71       000000
__Htext72                      text72       000000
__Htext73                      text73       000000
__Htext74                      text74       000000
__Htext75                      text75       000000
__Htext76                      text76       000000
__Htext77                      text77       000000
__Htext8                       text8        000000
__Htext9                       text9        000000
__LRAM                         (abs)        000001
__Labs1                        abs1         000000
__Lbank0                       bank0        000000
__Lbank1                       bank1        000000
__Lbank10                      bank10       000000
__Lbank11                      bank11       000000
__Lbank12                      bank12       000000
__Lbank13                      bank13       000000
__Lbank14                      bank14       000000
__Lbank2                       bank2        000000
__Lbank3                       bank3        000000
__Lbank4                       bank4        000000
__Lbank5                       bank5        000000
__Lbank6                       bank6        000000
__Lbank7                       bank7        000000
__Lbank8                       bank8        000000
__Lbank9                       bank9        000000
__Lbigbss                      bigbss       000000
__Lbigdata                     bigdata      000000
__Lbigram                      bigram       000000
__Lbss                         bss          000000
__LbssBANK0                    bssBANK0     000000
__LbssBANK1                    bssBANK1     000000
__LbssBANK5                    bssBANK5     000000
__LbssCOMRAM                   bssCOMRAM    000000
__Lcinit                       cinit        000000
__Lclrtext                     clrtext      000000
__Lcomram                      comram       000000
__Lconfig                      config       300000
__Lconst                       const        000000
__LcstackBANK0                 cstackBANK0  000000
__LcstackBANK1                 cstackBANK1  000000
__LcstackBANK5                 cstackBANK5  000000
__LcstackCOMRAM                cstackCOMRAM 000000
__Ldata                        data         000000
__LdataBANK0                   dataBANK0    000000
__LdataBANK1                   dataBANK1    000000
__LdataBANK2                   dataBANK2    000000
__LdataBANK3                   dataBANK3    000000
__LdataBANK4                   dataBANK4    000000
__LdataBANK5                   dataBANK5    000000
__LdataCOMRAM                  dataCOMRAM   000000
__Leeprom_data                 eeprom_data  000000
__Lfarbss                      farbss       000000
__Lfardata                     fardata      000000
__Libigdata                    ibigdata     000000
__Lidata                       idata        000000
__LidataBANK0                  idataBANK0   000000
__LidataBANK1                  idataBANK1   000000
__LidataBANK2                  idataBANK2   000000
__LidataBANK3                  idataBANK3   000000
__LidataBANK4                  idataBANK4   000000
__LidataBANK5                  idataBANK5   000000
__LidataCOMRAM                 idataCOMRAM  000000
__Lidloc                       idloc        200000
__Lifardata                    ifardata     000000
__Linit                        init         00092C
__Lintcode                     intcode      000008
__Lintcode_body                intcode_body 000000
__Lintcodelo                   intcodelo    00092C
__Lintentry                    intentry     000000
__Lintret                      intret       000000
__Lintsave_regs                intsave_regs 000000
__Lirdata                      irdata       000000
__Lmediumconst                 mediumconst  00FC5A
__LnvFARRAM                    nvFARRAM     000000
__Lnvbit                       nvbit        000000
__Lnvrram                      nvrram       000000
__Lparam                       rparam       000000
__Lpowerup                     powerup      00092C
__Lram                         ram          000000
__Lramtop                      ramtop       000F00
__Lrbit                        rbit         000000
__Lrbss                        rbss         000000
__Lrdata                       rdata        000000
__Lreset_vec                   reset_vec    000000
__Lrparam                      rparam       000000
__Lsfr                         sfr          000000
__Lsmallconst                  smallconst   000000
__Lspace_0                     (abs)        000000
__Lspace_1                     (abs)        000000
__Lspace_2                     (abs)        000000
__Lstack                       stack        000000
__Lstruct                      struct       000000
__Ltemp                        temp         00005F
__Ltext                        text         000000
__Ltext0                       text0        000000
__Ltext1                       text1        000000
__Ltext10                      text10       000000
__Ltext11                      text11       000000
__Ltext12                      text12       000000
__Ltext13                      text13       000000
__Ltext14                      text14       000000
__Ltext15                      text15       000000
__Ltext16                      text16       000000
__Ltext17                      text17       000000
__Ltext18                      text18       000000
__Ltext19                      text19       000000
__Ltext2                       text2        000000
__Ltext20                      text20       000000
__Ltext21                      text21       000000
__Ltext22                      text22       000000
__Ltext23                      text23       000000
__Ltext24                      text24       000000
__Ltext25                      text25       000000
__Ltext26                      text26       000000
__Ltext27                      text27       000000
__Ltext28                      text28       000000
__Ltext3                       text3        000000
__Ltext30                      text30       000000
__Ltext31                      text31       000000
__Ltext32                      text32       000000
__Ltext33                      text33       000000
__Ltext34                      text34       000000
__Ltext35                      text35       000000
__Ltext36                      text36       000000
__Ltext37                      text37       000000
__Ltext38                      text38       000000
__Ltext39                      text39       000000
__Ltext4                       text4        000000
__Ltext40                      text40       000000
__Ltext41                      text41       000000
__Ltext42                      text42       000000
__Ltext43                      text43       000000
__Ltext44                      text44       000000
__Ltext45                      text45       000000
__Ltext46                      text46       000000
__Ltext47                      text47       000000
__Ltext48                      text48       000000
__Ltext49                      text49       000000
__Ltext5                       text5        000000
__Ltext50                      text50       000000
__Ltext51                      text51       000000
__Ltext52                      text52       000000
__Ltext53                      text53       000000
__Ltext54                      text54       000000
__Ltext55                      text55       000000
__Ltext56                      text56       000000
__Ltext57                      text57       000000
__Ltext58                      text58       000000
__Ltext59                      text59       000000
__Ltext6                       text6        000000
__Ltext60                      text60       000000
__Ltext61                      text61       000000
__Ltext62                      text62       000000
__Ltext63                      text63       000000
__Ltext64                      text64       000000
__Ltext65                      text65       000000
__Ltext66                      text66       000000
__Ltext67                      text67       000000
__Ltext68                      text68       000000
__Ltext69                      text69       000000
__Ltext7                       text7        000000
__Ltext70                      text70       000000
__Ltext71                      text71       000000
__Ltext72                      text72       000000
__Ltext73                      text73       000000
__Ltext74                      text74       000000
__Ltext75                      text75       000000
__Ltext76                      text76       000000
__Ltext77                      text77       000000
__Ltext8                       text8        000000
__Ltext9                       text9        000000
__S0                           (abs)        30000E
__S1                           (abs)        0005AD
__S2                           (abs)        000000
___awdiv                       text77       0040C6
___awdiv@counter               cstackCOMRAM 000005
___awdiv@dividend              cstackCOMRAM 000001
___awdiv@divisor               cstackCOMRAM 000003
___awdiv@quotient              cstackCOMRAM 000007
___awdiv@sign                  cstackCOMRAM 000006
___inthi_sp                    stack        000000
___intlo_sp                    stack        000000
___lbdiv                       text64       0049AC
___lbdiv@counter               cstackCOMRAM 000003
___lbdiv@dividend              cstackCOMRAM 000002
___lbdiv@divisor               cstackCOMRAM 000001
___lbdiv@quotient              cstackCOMRAM 000004
___lldiv                       text3        003F9C
___lldiv@counter               cstackBANK0  000097
___lldiv@dividend              cstackBANK1  0001EE
___lldiv@divisor               cstackBANK1  0001F2
___lldiv@quotient              cstackBANK0  000093
___lwdiv                       text10       004454
___lwdiv@counter               cstackBANK0  000097
___lwdiv@dividend              cstackBANK0  000093
___lwdiv@divisor               cstackBANK0  000095
___lwdiv@quotient              cstackBANK0  000098
___lwmod                       text9        004824
___lwmod@counter               cstackBANK1  0001F2
___lwmod@dividend              cstackBANK1  0001EE
___lwmod@divisor               cstackBANK1  0001F0
___param_bank                  (abs)        000000
___rparam_used                 (abs)        000001
___sp                          stack        000000
___wmul                        text22       004AC8
___wmul@multiplicand           cstackBANK0  000095
___wmul@multiplier             cstackBANK0  000093
___wmul@product                cstackBANK0  000097
__accesstop                    (abs)        000060
__activetblptr                 (abs)        000002
__end_of___awdiv               text77       00414A
__end_of___lbdiv               text64       0049E6
__end_of___lldiv               text3        004034
__end_of___lwdiv               text10       0044A8
__end_of___lwmod               text9        004868
__end_of___wmul                text22       004AF0
__end_of__initialization       cinit        00300C
__end_of_bitRead               text23       0048EE
__end_of_debounceTime          mediumconst  00FFAA
__end_of_digitos               mediumconst  00FE3F
__end_of_dpowers               mediumconst  00FFA9
__end_of_gpio_init             text28       004C04
__end_of_isdigit               text8        004B38
__end_of_isr                   intcode      00092C
__end_of_key_pressed           text76       002100
__end_of_key_trigger           text75       004BF0
__end_of_keyboard_init         text27       004C48
__end_of_lcd_init              text24       002B8E
__end_of_lcd_legend            text15       003754
__end_of_lcd_memory_start      text21       004C50
__end_of_lcd_number            text66       002790
__end_of_lcd_pix               text19       003246
__end_of_lcd_pix_color         text18       003130
__end_of_lcd_point             text65       003EE6
__end_of_lcd_set_address       text20       004548
__end_of_lcd_set_background    text14       0042BA
__end_of_lcd_sign              text68       002F02
__end_of_lcd_text              text17       0019CC
__end_of_lcd_write_bus         text26       004C24
__end_of_lcd_write_command     text25       004C16
__end_of_main                  text0        002DE6
__end_of_mem_read              text13       004BAC
__end_of_mem_write             text12       004A74
__end_of_menu_1                text61       002CC8
__end_of_menu_2                text60       002A3C
__end_of_menu_21               text59       0043FC
__end_of_menu_22               text58       003B1C
__end_of_menu_23               text57       004824
__end_of_menu_24               text56       003E2E
__end_of_menu_25               text55       0047DC
__end_of_menu_26               text54       004794
__end_of_menu_27               text53       00474C
__end_of_menu_3                text52       003D6E
__end_of_menu_31               text51       003A2E
__end_of_menu_4                text50       0028E6
__end_of_menu_41               text49       004704
__end_of_menu_42               text48       0046BA
__end_of_menu_43               text47       004670
__end_of_menu_44               text46       004626
__end_of_menu_45               text45       0045DC
__end_of_menu_5                text44       003CAE
__end_of_menu_6                text43       0040C6
__end_of_menu_init             text11       004454
__end_of_menu_navigate         text42       003358
__end_of_menu_next             text38       00156E
__end_of_printf                text6        00238A
__end_of_putch                 text7        004B58
__end_of_rw_eeprom             text5        004592
__end_of_strcpy                text16       004A18
__end_of_texto                 mediumconst  00FF9F
__end_of_timer2_config         text4        004A9E
__end_of_uart1_config          text2        004242
__end_of_uart2_config          text1        0041C6
__end_ofi2___lwdiv             text35       0044FA
__end_ofi2___lwmod             text34       004930
__end_ofi2___wmul              text74       004B16
__end_ofi2_bitRead             text67       00496E
__end_ofi2_isdigit             text33       004B94
__end_ofi2_lcd_legend          text36       003BEE
__end_ofi2_lcd_memory_start    text71       004C58
__end_ofi2_lcd_pix             text69       003940
__end_ofi2_lcd_pix_color       text63       00384A
__end_ofi2_lcd_set_address     text70       0049AC
__end_ofi2_lcd_set_background  text41       004398
__end_ofi2_lcd_text            text62       001DE0
__end_ofi2_lcd_write_bus       text73       004C3E
__end_ofi2_lcd_write_command   text72       004C32
__end_ofi2_mem_read            text40       004BDA
__end_ofi2_mem_write           text39       004AC8
__end_ofi2_printf              text31       0025D0
__end_ofi2_putch               text32       004B76
__end_ofi2_rw_eeprom           text30       0048AC
__end_ofi2_strcpy              text37       004A48
__initialization               cinit        002F02
__mediumconst                  mediumconst  00FC5A
__pbssBANK0                    bssBANK0     00009A
__pbssBANK1                    bssBANK1     0001B5
__pbssBANK5                    bssBANK5     000599
__pbssCOMRAM                   bssCOMRAM    00005A
__pcinit                       cinit        002F02
__pcstackBANK0                 cstackBANK0  000060
__pcstackBANK1                 cstackBANK1  0001EE
__pcstackBANK5                 cstackBANK5  000570
__pcstackCOMRAM                cstackCOMRAM 000001
__pdataBANK0                   dataBANK0    0000B6
__pdataBANK1                   dataBANK1    000100
__pdataBANK2                   dataBANK2    000200
__pdataBANK3                   dataBANK3    000300
__pdataBANK4                   dataBANK4    000400
__pdataBANK5                   dataBANK5    000500
__pdataCOMRAM                  dataCOMRAM   00005E
__pidataBANK0                  idataBANK0   004BAC
__pidataBANK1                  idataBANK1   003EE6
__pidataBANK2                  idataBANK2   003358
__pidataBANK3                  idataBANK3   003458
__pidataBANK4                  idataBANK4   003558
__pidataBANK5                  idataBANK5   0042BA
__pidataCOMRAM                 idataCOMRAM  004C58
__pintcode                     intcode      000008
__pmediumconst                 mediumconst  00FC5A
__ptext0                       text0        002CC8
__ptext1                       text1        00414A
__ptext10                      text10       004454
__ptext11                      text11       0043FC
__ptext12                      text12       004A48
__ptext13                      text13       004B94
__ptext14                      text14       004242
__ptext15                      text15       003658
__ptext16                      text16       0049E6
__ptext17                      text17       00156E
__ptext18                      text18       00301A
__ptext19                      text19       003130
__ptext2                       text2        0041C6
__ptext20                      text20       0044FA
__ptext21                      text21       004C48
__ptext22                      text22       004AC8
__ptext23                      text23       0048AC
__ptext24                      text24       002A3C
__ptext25                      text25       004C04
__ptext26                      text26       004C16
__ptext27                      text27       004C3E
__ptext28                      text28       004BF0
__ptext3                       text3        003F9C
__ptext30                      text30       004868
__ptext31                      text31       00238A
__ptext32                      text32       004B58
__ptext33                      text33       004B76
__ptext34                      text34       0048EE
__ptext35                      text35       0044A8
__ptext36                      text36       003B1C
__ptext37                      text37       004A18
__ptext38                      text38       000930
__ptext39                      text39       004A9E
__ptext4                       text4        004A74
__ptext40                      text40       004BC4
__ptext41                      text41       00432A
__ptext42                      text42       003246
__ptext43                      text43       004034
__ptext44                      text44       003BEE
__ptext45                      text45       004592
__ptext46                      text46       0045DC
__ptext47                      text47       004626
__ptext48                      text48       004670
__ptext49                      text49       0046BA
__ptext5                       text5        004548
__ptext50                      text50       002790
__ptext51                      text51       003940
__ptext52                      text52       003CAE
__ptext53                      text53       004704
__ptext54                      text54       00474C
__ptext55                      text55       004794
__ptext56                      text56       003D6E
__ptext57                      text57       0047DC
__ptext58                      text58       003A2E
__ptext59                      text59       004398
__ptext6                       text6        002100
__ptext60                      text60       0028E6
__ptext61                      text61       002B8E
__ptext62                      text62       0019CC
__ptext63                      text63       003754
__ptext64                      text64       0049AC
__ptext65                      text65       003E2E
__ptext66                      text66       0025D0
__ptext67                      text67       004930
__ptext68                      text68       002DE6
__ptext69                      text69       00384A
__ptext7                       text7        004B38
__ptext70                      text70       00496E
__ptext71                      text71       004C50
__ptext72                      text72       004C24
__ptext73                      text73       004C32
__ptext74                      text74       004AF0
__ptext75                      text75       004BDA
__ptext76                      text76       001DE0
__ptext77                      text77       0040C6
__ptext8                       text8        004B16
__ptext9                       text9        004824
__ramtop                       ramtop       000F00
__size_of___awdiv              (abs)        000000
__size_of___lbdiv              (abs)        000000
__size_of___lldiv              (abs)        000000
__size_of___lwdiv              (abs)        000000
__size_of___lwmod              (abs)        000000
__size_of___wmul               (abs)        000000
__size_of_bitRead              (abs)        000000
__size_of_gpio_init            (abs)        000000
__size_of_isdigit              (abs)        000000
__size_of_isr                  (abs)        000000
__size_of_key_pressed          (abs)        000000
__size_of_key_trigger          (abs)        000000
__size_of_keyboard_init        (abs)        000000
__size_of_lcd_init             (abs)        000000
__size_of_lcd_legend           (abs)        000000
__size_of_lcd_memory_start     (abs)        000000
__size_of_lcd_number           (abs)        000000
__size_of_lcd_pix              (abs)        000000
__size_of_lcd_pix_color        (abs)        000000
__size_of_lcd_point            (abs)        000000
__size_of_lcd_set_address      (abs)        000000
__size_of_lcd_set_background   (abs)        000000
__size_of_lcd_sign             (abs)        000000
__size_of_lcd_text             (abs)        000000
__size_of_lcd_write_bus        (abs)        000000
__size_of_lcd_write_command    (abs)        000000
__size_of_main                 (abs)        000000
__size_of_mem_read             (abs)        000000
__size_of_mem_write            (abs)        000000
__size_of_menu_1               (abs)        000000
__size_of_menu_2               (abs)        000000
__size_of_menu_21              (abs)        000000
__size_of_menu_22              (abs)        000000
__size_of_menu_23              (abs)        000000
__size_of_menu_24              (abs)        000000
__size_of_menu_25              (abs)        000000
__size_of_menu_26              (abs)        000000
__size_of_menu_27              (abs)        000000
__size_of_menu_3               (abs)        000000
__size_of_menu_31              (abs)        000000
__size_of_menu_4               (abs)        000000
__size_of_menu_41              (abs)        000000
__size_of_menu_42              (abs)        000000
__size_of_menu_43              (abs)        000000
__size_of_menu_44              (abs)        000000
__size_of_menu_45              (abs)        000000
__size_of_menu_5               (abs)        000000
__size_of_menu_6               (abs)        000000
__size_of_menu_init            (abs)        000000
__size_of_menu_navigate        (abs)        000000
__size_of_menu_next            (abs)        000000
__size_of_printf               (abs)        000000
__size_of_putch                (abs)        000000
__size_of_rw_eeprom            (abs)        000000
__size_of_strcpy               (abs)        000000
__size_of_timer2_config        (abs)        000000
__size_of_uart1_config         (abs)        000000
__size_of_uart2_config         (abs)        000000
__size_ofi2___lwdiv            (abs)        000000
__size_ofi2___lwmod            (abs)        000000
__size_ofi2___wmul             (abs)        000000
__size_ofi2_bitRead            (abs)        000000
__size_ofi2_isdigit            (abs)        000000
__size_ofi2_lcd_legend         (abs)        000000
__size_ofi2_lcd_memory_start   (abs)        000000
__size_ofi2_lcd_pix            (abs)        000000
__size_ofi2_lcd_pix_color      (abs)        000000
__size_ofi2_lcd_set_address    (abs)        000000
__size_ofi2_lcd_set_background (abs)        000000
__size_ofi2_lcd_text           (abs)        000000
__size_ofi2_lcd_write_bus      (abs)        000000
__size_ofi2_lcd_write_command  (abs)        000000
__size_ofi2_mem_read           (abs)        000000
__size_ofi2_mem_write          (abs)        000000
__size_ofi2_printf             (abs)        000000
__size_ofi2_putch              (abs)        000000
__size_ofi2_rw_eeprom          (abs)        000000
__size_ofi2_strcpy             (abs)        000000
__smallconst                   smallconst   000000
_bitRead                       text23       0048AC
_buff1                         bssBANK1     0001B5
_buff2                         bssBANK0     00009A
_debounceCounter               bssBANK0     0000B1
_debounceTime                  mediumconst  00FFA9
_decimal_places                bssCOMRAM    00005B
_decimal_point                 bssBANK0     0000B2
_digitos                       mediumconst  00FC5B
_divisor                       bssBANK0     0000AB
_dpowers                       mediumconst  00FF9F
_g1                            bssBANK0     0000AE
_globalVar1                    dataCOMRAM   00005E
_gpio_init                     text28       004BF0
_inGateway                     bssBANK1     0001D4
_inIp                          bssBANK1     0001C4
_inMac                         bssBANK0     0000AD
_inPort                        bssBANK0     0000A9
_inSubnet                      bssBANK1     0001CC
_isdigit                       text8        004B16
_isdigit$1963                  cstackBANK0  000094
_isr                           intcode      000008
_k1                            bssBANK0     0000B4
_k2                            bssBANK0     0000B3
_keyConfirm                    bssBANK0     0000B0
_keyEnable                     dataBANK0    0000B9
_key_pressed                   text76       001DE0
_key_trigger                   text75       004BDA
_keyboard_init                 text27       004C3E
_lastKey                       dataBANK0    0000BA
_lcdText                       bssBANK1     0001DE
_lcd_init                      text24       002A3C
_lcd_legend                    text15       003658
_lcd_memory_start              text21       004C48
_lcd_number                    text66       0025D0
_lcd_pix                       text19       003130
_lcd_pix_color                 text18       00301A
_lcd_point                     text65       003E2E
_lcd_set_address               text20       0044FA
_lcd_set_background            text14       004242
_lcd_sign                      text68       002DE6
_lcd_text                      text17       00156E
_lcd_text$2363                 cstackBANK5  00057B
_lcd_text$2364                 cstackBANK5  00057D
_lcd_write_bus                 text26       004C16
_lcd_write_command             text25       004C04
_m1                            bssCOMRAM    00005A
_m2                            bssCOMRAM    00005D
_main                          text0        002CC8
_memBaud                       dataBANK0    0000B6
_memBuff1                      dataBANK0    0000BC
_memDivision                   dataBANK0    0000B8
_memFilter                     dataBANK0    0000B7
_memGateway                    dataBANK3    000310
_memIp                         dataBANK4    0004F0
_memMac                        dataBANK4    0004E0
_memPort                       dataBANK4    0004D0
_memSubnet                     dataBANK3    000300
_mem_read                      text13       004B94
_mem_write                     text12       004A48
_menu_1                        text61       002B8E
_menu_2                        text60       0028E6
_menu_21                       text59       004398
_menu_22                       text58       003A2E
_menu_23                       text57       0047DC
_menu_24                       text56       003D6E
_menu_25                       text55       004794
_menu_26                       text54       00474C
_menu_27                       text53       004704
_menu_3                        text52       003CAE
_menu_31                       text51       003940
_menu_4                        text50       002790
_menu_41                       text49       0046BA
_menu_42                       text48       004670
_menu_43                       text47       004626
_menu_44                       text46       0045DC
_menu_45                       text45       004592
_menu_5                        text44       003BEE
_menu_6                        text43       004034
_menu_init                     text11       0043FC
_menu_navigate                 text42       003246
_menu_next                     text38       000930
_menu_rowColor                 dataBANK0    0000CC
_menu_shown                    bssBANK0     0000B5
_menu_text                     dataBANK1    0001A5
_menu_update                   bssCOMRAM    00005C
_msjBAUD                       dataBANK2    0002E0
_msjBAUD1                      dataBANK3    000380
_msjBAUD2                      dataBANK3    000370
_msjBAUD3                      dataBANK3    000360
_msjBAUD4                      dataBANK3    000350
_msjBLANK                      dataBANK5    000560
_msjCALIBRATE                  dataBANK1    000195
_msjCANCEL                     dataBANK2    000220
_msjCHANGE                     dataBANK2    000260
_msjCONFIRM                    dataBANK2    000230
_msjDIVISION0                  dataBANK2    000210
_msjDIVISION1                  dataBANK2    000200
_msjDIVISION2                  dataBANK3    0003D0
_msjDIVISION3                  dataBANK3    0003C0
_msjDIVISIONS                  dataBANK1    000175
_msjDONE                       dataBANK3    0003F0
_msjETHERNET                   dataBANK2    0002D0
_msjFILTER                     dataBANK1    000155
_msjFILTER1                    dataBANK3    0003B0
_msjFILTER2                    dataBANK3    0003A0
_msjFILTER3                    dataBANK3    000390
_msjFINISH                     dataBANK2    000240
_msjGATEWAY                    dataBANK2    0002C0
_msjIP                         dataBANK2    000290
_msjMAC                        dataBANK2    0002A0
_msjOFF                        dataBANK1    000105
_msjON                         dataBANK1    000115
_msjPASSWORD                   dataBANK2    000270
_msjPATTERN                    dataBANK1    000165
_msjPORT                       dataBANK2    000280
_msjRANGE                      dataBANK1    000125
_msjRESET                      dataBANK2    000250
_msjSERIAL                     dataBANK2    0002F0
_msjSTEP                       dataBANK1    000145
_msjSUBNETMASK                 dataBANK2    0002B0
_msjTAREINGR                   dataBANK3    000330
_msjTHRESHOLD                  dataBANK1    000135
_msjVALUEINGR                  dataBANK3    000320
_msjWAIT                       dataBANK3    0003E0
_msjWEIGHTINGR                 dataBANK3    000340
_msjZERO                       dataBANK1    000185
_mux                           dataBANK0    0000BB
_outBuff2                      bssBANK5     000599
_printEnable                   bssBANK0     0000AF
_printf                        text6        002100
_putch                         text7        004B38
_rw_eeprom                     text5        004548
_strcpy                        text16       0049E6
_tara                          bssBANK1     0001DC
_texto                         mediumconst  00FE3F
_timer2_config                 text4        004A74
_uart1_config                  text2        0041C6
_uart2_config                  text1        00414A
bitRead@number                 cstackBANK0  000093
bitRead@position               cstackBANK0  000095
btemp                          temp         00005F
end_of_initialization          cinit        00300C
i2___lwdiv                     text35       0044A8
i2___lwdiv@counter             cstackCOMRAM 000007
i2___lwdiv@dividend            cstackCOMRAM 000001
i2___lwdiv@divisor             cstackCOMRAM 000003
i2___lwdiv@quotient            cstackCOMRAM 000005
i2___lwmod                     text34       0048EE
i2___lwmod@counter             cstackCOMRAM 00000C
i2___lwmod@dividend            cstackCOMRAM 000008
i2___lwmod@divisor             cstackCOMRAM 00000A
i2___wmul                      text74       004AF0
i2___wmul@multiplicand         cstackCOMRAM 000003
i2___wmul@multiplier           cstackCOMRAM 000001
i2___wmul@product              cstackCOMRAM 000005
i2_bitRead                     text67       004930
i2_isdigit                     text33       004B76
i2_isdigit$1963                cstackCOMRAM 000002
i2_lcd_legend                  text36       003B1C
i2_lcd_memory_start            text71       004C50
i2_lcd_pix                     text69       00384A
i2_lcd_pix_color               text63       003754
i2_lcd_set_address             text70       00496E
i2_lcd_set_background          text41       00432A
i2_lcd_text                    text62       0019CC
i2_lcd_text$2512               cstackCOMRAM 00002F
i2_lcd_text$2513               cstackCOMRAM 000031
i2_lcd_write_bus               text73       004C32
i2_lcd_write_command           text72       004C24
i2_mem_read                    text40       004BC4
i2_mem_write                   text39       004A9E
i2_printf                      text31       00238A
i2_putch                       text32       004B58
i2_rw_eeprom                   text30       004868
i2_strcpy                      text37       004A18
i2bitRead@number               cstackCOMRAM 000001
i2bitRead@position             cstackCOMRAM 000003
i2isdigit@c                    cstackCOMRAM 000003
i2lcd_legend@aux               cstackCOMRAM 00003B
i2lcd_legend@opt               cstackCOMRAM 00003A
i2lcd_pix@c                    cstackCOMRAM 00000F
i2lcd_pix@i                    cstackCOMRAM 000016
i2lcd_pix@n1                   cstackCOMRAM 000015
i2lcd_pix@size                 cstackCOMRAM 000010
i2lcd_pix@x                    cstackCOMRAM 00000B
i2lcd_pix@y                    cstackCOMRAM 00000D
i2lcd_pix_color@c              cstackCOMRAM 00000F
i2lcd_pix_color@i              cstackCOMRAM 000016
i2lcd_pix_color@n1             cstackCOMRAM 000015
i2lcd_pix_color@size           cstackCOMRAM 000010
i2lcd_pix_color@x              cstackCOMRAM 00000B
i2lcd_pix_color@y              cstackCOMRAM 00000D
i2lcd_set_address@x1           cstackCOMRAM 000003
i2lcd_set_address@x2           cstackCOMRAM 000007
i2lcd_set_address@y1           cstackCOMRAM 000005
i2lcd_set_address@y2           cstackCOMRAM 000009
i2lcd_set_background@color     cstackCOMRAM 00000B
i2lcd_set_background@i         cstackCOMRAM 00000D
i2lcd_set_background@j         cstackCOMRAM 00000F
i2lcd_text@color               cstackCOMRAM 00001A
i2lcd_text@i                   cstackCOMRAM 000034
i2lcd_text@j                   cstackCOMRAM 000036
i2lcd_text@k                   cstackCOMRAM 000038
i2lcd_text@msjPtr              cstackCOMRAM 000018
i2lcd_text@msjPtrCpy           cstackCOMRAM 000020
i2lcd_text@renglon             cstackCOMRAM 000033
i2lcd_write_bus@data           cstackCOMRAM 000001
i2lcd_write_command@cmd        cstackCOMRAM 000002
i2mem_read@address             cstackCOMRAM 000001
i2mem_write@address            cstackCOMRAM 000002
i2mem_write@data               cstackCOMRAM 000001
i2printf@ap                    cstackCOMRAM 000015
i2printf@c                     cstackCOMRAM 00001D
i2printf@f                     cstackCOMRAM 00000D
i2printf@flag                  cstackCOMRAM 00001A
i2printf@prec                  cstackCOMRAM 000017
i2printf@val                   cstackCOMRAM 000018
i2printf@width                 cstackCOMRAM 00001B
i2putch@data                   cstackCOMRAM 000001
i2rw_eeprom@addr               cstackCOMRAM 000003
i2rw_eeprom@data               cstackCOMRAM 000001
i2rw_eeprom@rw                 cstackCOMRAM 000002
i2strcpy@cp                    cstackCOMRAM 000005
i2strcpy@from                  cstackCOMRAM 000003
i2strcpy@to                    cstackCOMRAM 000001
int$flags                      temp         00005F
intlevel0                      text         000000
intlevel1                      text         000000
intlevel2                      text         000000
intlevel3                      text         000000
isdigit@c                      cstackBANK0  000095
isr@aux1                       cstackBANK0  000084
isr@aux2                       cstackBANK0  00008D
isr@eoc                        cstackBANK0  000081
isr@i                          cstackBANK0  000085
isr@i_1003                     cstackBANK0  000086
isr@i_1009                     cstackBANK0  00007C
isr@i_1010                     cstackBANK0  000087
isr@i_1013                     cstackBANK0  00007D
isr@i_1014                     cstackBANK0  00007E
isr@i_1016                     cstackBANK0  000088
isr@i_1018                     cstackBANK0  00007F
isr@i_1019                     cstackBANK0  000089
isr@i_1021                     cstackBANK0  000080
isr@i_1022                     cstackBANK0  00008A
isr@i_1084                     cstackBANK0  00008B
isr@i_1086                     cstackBANK0  00008C
isr@i_1088                     cstackBANK0  00007B
isr@j                          cstackBANK0  000079
isr@j_1087                     cstackBANK0  00007A
isr@multiplicador              cstackBANK0  00008F
isr@peso                       cstackBANK0  000091
isr@peso_cpy                   cstackBANK0  000077
isr@tara_resta                 cstackBANK0  000082
key_pressed@colPressed         cstackCOMRAM 000002
key_pressed@inPort             cstackCOMRAM 000004
key_pressed@keyRta             cstackCOMRAM 000003
key_pressed@outPort            cstackCOMRAM 000001
lcd_legend@aux                 cstackBANK5  000596
lcd_legend@opt                 cstackBANK5  000595
lcd_number@F15145              dataBANK1    000100
lcd_number@i                   cstackCOMRAM 000025
lcd_number@index               cstackCOMRAM 000020
lcd_number@j                   cstackCOMRAM 000026
lcd_number@k                   cstackCOMRAM 000027
lcd_number@number              cstackCOMRAM 000019
lcd_pix@c                      cstackBANK1  0001FA
lcd_pix@i                      cstackBANK5  000571
lcd_pix@n1                     cstackBANK5  000570
lcd_pix@size                   cstackBANK1  0001FB
lcd_pix@x                      cstackBANK1  0001F6
lcd_pix@y                      cstackBANK1  0001F8
lcd_pix_color@c                cstackBANK1  0001FA
lcd_pix_color@i                cstackBANK5  000571
lcd_pix_color@n1               cstackBANK5  000570
lcd_pix_color@size             cstackBANK1  0001FB
lcd_pix_color@x                cstackBANK1  0001F6
lcd_pix_color@y                cstackBANK1  0001F8
lcd_point@place                cstackCOMRAM 000018
lcd_set_address@x1             cstackBANK1  0001EE
lcd_set_address@x2             cstackBANK1  0001F2
lcd_set_address@y1             cstackBANK1  0001F0
lcd_set_address@y2             cstackBANK1  0001F4
lcd_set_background@color       cstackBANK0  000095
lcd_set_background@i           cstackBANK1  0001F6
lcd_set_background@j           cstackBANK1  0001F8
lcd_sign@enable                cstackCOMRAM 000018
lcd_text@color                 cstackBANK5  000575
lcd_text@i                     cstackBANK5  00058F
lcd_text@j                     cstackBANK5  000591
lcd_text@k                     cstackBANK5  000593
lcd_text@msjPtr                cstackBANK5  000573
lcd_text@msjPtrCpy             cstackBANK5  00057F
lcd_text@renglon               cstackBANK5  00058E
lcd_write_bus@data             cstackBANK0  000093
lcd_write_command@cmd          cstackBANK0  000094
mem_read@address               cstackBANK0  000093
mem_write@address              cstackBANK0  000094
mem_write@data                 cstackBANK0  000093
menu_1@F15239                  dataBANK4    0004C0
menu_1@colorRow                cstackCOMRAM 00004A
menu_1@mBlank                  cstackCOMRAM 00003A
menu_21@F15245                 dataBANK4    0004A0
menu_21@colorRow               cstackCOMRAM 00004A
menu_21@i                      cstackCOMRAM 00004B
menu_21@mBlank                 cstackCOMRAM 00003A
menu_22@F15249                 dataBANK4    000490
menu_22@colorRow               cstackCOMRAM 00004B
menu_22@i                      cstackCOMRAM 00004A
menu_22@mBlank                 cstackCOMRAM 00003A
menu_23@F15253                 dataBANK4    000480
menu_23@i                      cstackCOMRAM 00004A
menu_23@mBlank                 cstackCOMRAM 00003A
menu_24@F15257                 dataBANK4    000470
menu_24@colorRow               cstackCOMRAM 00004A
menu_24@i                      cstackCOMRAM 00004B
menu_24@mBlank                 cstackCOMRAM 00003A
menu_25@F15261                 dataBANK4    000460
menu_25@i                      cstackCOMRAM 00004A
menu_25@mBlank                 cstackCOMRAM 00003A
menu_26@F15265                 dataBANK4    000450
menu_26@i                      cstackCOMRAM 00004A
menu_26@mBlank                 cstackCOMRAM 00003A
menu_27@F15269                 dataBANK4    000440
menu_27@i                      cstackCOMRAM 00004A
menu_27@mBlank                 cstackCOMRAM 00003A
menu_2@F15242                  dataBANK4    0004B0
menu_2@colorRow                cstackCOMRAM 00004A
menu_2@mBlank                  cstackCOMRAM 00003A
menu_31@F15277                 dataBANK4    000420
menu_31@colorRow               cstackCOMRAM 00004B
menu_31@i                      cstackCOMRAM 00004A
menu_31@mBlank                 cstackCOMRAM 00003A
menu_3@F15273                  dataBANK4    000430
menu_3@colorRow                cstackCOMRAM 00004A
[...]
      Params:         0       0       0       0       0       0       0       0       0       0       0       0       0       0       0       0
      Locals:         1       0       0       0       0       0       0       0       0       0       0       0       0       0       0       0
      Temps:          0       0       0       0       0       0       0       0       0       0       0       0       0       0       0       0
      Totals:         1       0       0       0       0       0       0       0       0       0       0       0       0       0       0       0
Total ram usage:        1 bytes
 Hardware stack levels used:    1
 Hardware stack levels required when called:    4
 This function calls:
		i2_lcd_pix
 This function is called by:
		_lcd_number
 This function uses a non-reentrant model


 *************** function i2_lcd_pix *****************
 Defined at:
		line 117 in file "tft.c"
 Parameters:    Size  Location     Type
  x               2   10[COMRAM] unsigned int 
  y               2   12[COMRAM] unsigned int 
  c               1   14[COMRAM] unsigned char 
  size            1   15[COMRAM] unsigned char 
 Auto vars:     Size  Location     Type
  lcd_pix         2   21[COMRAM] unsigned int 
  lcd_pix         1   20[COMRAM] unsigned char 
 Return value:  Size  Location     Type
                  1    wreg      void 
 Registers used:
		wreg, status,2, status,0, prodl, prodh, cstack
 Tracked objects:
		On entry : 
		On exit  : 
		Unchanged: 
 Data sizes:     COMRAM   BANK0   BANK1   BANK2   BANK3   BANK4   BANK5   BANK6   BANK7   BANK8   BANK9  BANK10  BANK11  BANK12  BANK13  BANK14
      Params:         6       0       0       0       0       0       0       0       0       0       0       0       0       0       0       0
      Locals:         3       0       0       0       0       0       0       0       0       0       0       0       0       0       0       0
      Temps:          4       0       0       0       0       0       0       0       0       0       0       0       0       0       0       0
      Totals:        13       0       0       0       0       0       0       0       0       0       0       0       0       0       0       0
Total ram usage:       13 bytes
 Hardware stack levels used:    1
 Hardware stack levels required when called:    3
 This function calls:
		i2___wmul
		i2_lcd_memory_start
		i2_lcd_set_address
		i2_lcd_write_bus
 This function is called by:
		_lcd_sign
		_lcd_point
		_lcd_number
		i2_lcd_text
 This function uses a non-reentrant model


 *************** function i2_lcd_set_address *****************
 Defined at:
		line 27 in file "tft.c"
 Parameters:    Size  Location     Type
  x1              2    2[COMRAM] unsigned int 
  y1              2    4[COMRAM] unsigned int 
  x2              2    6[COMRAM] unsigned int 
  y2              2    8[COMRAM] unsigned int 
 Auto vars:     Size  Location     Type
		None
 Return value:  Size  Location     Type
                  1    wreg      void 
 Registers used:
		wreg, status,2, cstack
 Tracked objects:
		On entry : 
		On exit  : 
		Unchanged: 
 Data sizes:     COMRAM   BANK0   BANK1   BANK2   BANK3   BANK4   BANK5   BANK6   BANK7   BANK8   BANK9  BANK10  BANK11  BANK12  BANK13  BANK14
      Params:         8       0       0       0       0       0       0       0       0       0       0       0       0       0       0       0
      Locals:         0       0       0       0       0       0       0       0       0       0       0       0       0       0       0       0
      Temps:          0       0       0       0       0       0       0       0       0       0       0       0       0       0       0       0
      Totals:         8       0       0       0       0       0       0       0       0       0       0       0       0       0       0       0
Total ram usage:        8 bytes
 Hardware stack levels used:    1
 Hardware stack levels required when called:    2
 This function calls:
		i2_lcd_write_bus
		i2_lcd_write_command
 This function is called by:
		i2_lcd_set_background
		i2_lcd_pix
		i2_lcd_pix_color
 This function uses a non-reentrant model


 *************** function i2_lcd_memory_start *****************
 Defined at:
		line 41 in file "tft.c"
 Parameters:    Size  Location     Type
		None
 Auto vars:     Size  Location     Type
		None
 Return value:  Size  Location     Type
                  1    wreg      void 
 Registers used:
		wreg, status,2, cstack
 Tracked objects:
		On entry : 
		On exit  : 
		Unchanged: 
 Data sizes:     COMRAM   BANK0   BANK1   BANK2   BANK3   BANK4   BANK5   BANK6   BANK7   BANK8   BANK9  BANK10  BANK11  BANK12  BANK13  BANK14
      Params:         0       0       0       0       0       0       0       0       0       0       0       0       0       0       0       0
      Locals:         0       0       0       0       0       0       0       0       0       0       0       0       0       0       0       0
      Temps:          0       0       0       0       0       0       0       0       0       0       0       0       0       0       0       0
      Totals:         0       0       0       0       0       0       0       0       0       0       0       0       0       0       0       0
Total ram usage:        0 bytes
 Hardware stack levels used:    1
 Hardware stack levels required when called:    2
 This function calls:
		i2_lcd_write_command
 This function is called by:
		i2_lcd_set_background
		i2_lcd_pix
		i2_lcd_pix_color
 This function uses a non-reentrant model


 *************** function i2_lcd_write_command *****************
 Defined at:
		line 21 in file "tft.c"
 Parameters:    Size  Location     Type
  cmd             1    wreg     unsigned char 
 Auto vars:     Size  Location     Type
  cmd             1    1[COMRAM] unsigned char 
 Return value:  Size  Location     Type
                  1    wreg      void 
 Registers used:
		wreg, status,2, cstack
 Tracked objects:
		On entry : 
		On exit  : 
		Unchanged: 
 Data sizes:     COMRAM   BANK0   BANK1   BANK2   BANK3   BANK4   BANK5   BANK6   BANK7   BANK8   BANK9  BANK10  BANK11  BANK12  BANK13  BANK14
      Params:         0       0       0       0       0       0       0       0       0       0       0       0       0       0       0       0
      Locals:         1       0       0       0       0       0       0       0       0       0       0       0       0       0       0       0
      Temps:          0       0       0       0       0       0       0       0       0       0       0       0       0       0       0       0
      Totals:         1       0       0       0       0       0       0       0       0       0       0       0       0       0       0       0
Total ram usage:        1 bytes
 Hardware stack levels used:    1
 Hardware stack levels required when called:    1
 This function calls:
		i2_lcd_write_bus
 This function is called by:
		i2_lcd_set_address
		i2_lcd_memory_start
 This function uses a non-reentrant model


 *************** function i2_lcd_write_bus *****************
 Defined at:
		line 14 in file "tft.c"
 Parameters:    Size  Location     Type
  data            1    wreg     unsigned char 
 Auto vars:     Size  Location     Type
  data            1    0[COMRAM] unsigned char 
 Return value:  Size  Location     Type
                  1    wreg      void 
 Registers used:
		wreg
 Tracked objects:
		On entry : 
		On exit  : 
		Unchanged: 
 Data sizes:     COMRAM   BANK0   BANK1   BANK2   BANK3   BANK4   BANK5   BANK6   BANK7   BANK8   BANK9  BANK10  BANK11  BANK12  BANK13  BANK14
      Params:         0       0       0       0       0       0       0       0       0       0       0       0       0       0       0       0
      Locals:         1       0       0       0       0       0       0       0       0       0       0       0       0       0       0       0
      Temps:          0       0       0       0       0       0       0       0       0       0       0       0       0       0       0       0
      Totals:         1       0       0       0       0       0       0       0       0       0       0       0       0       0       0       0
Total ram usage:        1 bytes
 Hardware stack levels used:    1
 This function calls:
		Nothing
 This function is called by:
		i2_lcd_write_command
		i2_lcd_set_address
		i2_lcd_set_background
		i2_lcd_pix
		i2_lcd_pix_color
 This function uses a non-reentrant model


 *************** function i2___wmul *****************
 Defined at:
		line 15 in file "C:\Program Files (x86)\Microchip\xc8\v1.45\sources\common\Umul16.c"
 Parameters:    Size  Location     Type
  multiplier      2    0[COMRAM] unsigned int 
  multiplicand    2    2[COMRAM] unsigned int 
 Auto vars:     Size  Location     Type
  __wmul          2    4[COMRAM] unsigned int 
 Return value:  Size  Location     Type
                  2    0[COMRAM] unsigned int 
 Registers used:
		wreg, status,2, status,0, prodl, prodh
 Tracked objects:
		On entry : 
		On exit  : 
		Unchanged: 
 Data sizes:     COMRAM   BANK0   BANK1   BANK2   BANK3   BANK4   BANK5   BANK6   BANK7   BANK8   BANK9  BANK10  BANK11  BANK12  BANK13  BANK14
      Params:         4       0       0       0       0       0       0       0       0       0       0       0       0       0       0       0
      Locals:         2       0       0       0       0       0       0       0       0       0       0       0       0       0       0       0
      Temps:          0       0       0       0       0       0       0       0       0       0       0       0       0       0       0       0
      Totals:         6       0       0       0       0       0       0       0       0       0       0       0       0       0       0       0
Total ram usage:        6 bytes
 Hardware stack levels used:    1
 This function calls:
		Nothing
 This function is called by:
		_isr
		i2_lcd_pix
		i2_lcd_pix_color
		i2_lcd_text
		i2_printf
 This function uses a non-reentrant model


 *************** function _key_trigger *****************
 Defined at:
		line 171 in file "keyboard.c"
 Parameters:    Size  Location     Type
		None
 Auto vars:     Size  Location     Type
		None
 Return value:  Size  Location     Type
                  1    wreg      unsigned char 
 Registers used:
		wreg
 Tracked objects:
		On entry : 
		On exit  : 
		Unchanged: 
 Data sizes:     COMRAM   BANK0   BANK1   BANK2   BANK3   BANK4   BANK5   BANK6   BANK7   BANK8   BANK9  BANK10  BANK11  BANK12  BANK13  BANK14
      Params:         0       0       0       0       0       0       0       0       0       0       0       0       0       0       0       0
      Locals:         0       0       0       0       0       0       0       0       0       0       0       0       0       0       0       0
      Temps:          0       0       0       0       0       0       0       0       0       0       0       0       0       0       0       0
      Totals:         0       0       0       0       0       0       0       0       0       0       0       0       0       0       0       0
Total ram usage:        0 bytes
 Hardware stack levels used:    1
 This function calls:
		Nothing
 This function is called by:
		_isr
 This function uses a non-reentrant model


 *************** function _key_pressed *****************
 Defined at:
		line 10 in file "keyboard.c"
 Parameters:    Size  Location     Type
		None
 Auto vars:     Size  Location     Type
  inPort          1    3[COMRAM] unsigned char 
  keyRta          1    2[COMRAM] unsigned char 
  colPressed      1    1[COMRAM] unsigned char 
  outPort         1    0[COMRAM] unsigned char 
 Return value:  Size  Location     Type
                  1    wreg      unsigned char 
 Registers used:
		wreg, status,2, status,0
 Tracked objects:
		On entry : 
		On exit  : 
		Unchanged: 
 Data sizes:     COMRAM   BANK0   BANK1   BANK2   BANK3   BANK4   BANK5   BANK6   BANK7   BANK8   BANK9  BANK10  BANK11  BANK12  BANK13  BANK14
      Params:         0       0       0       0       0       0       0       0       0       0       0       0       0       0       0       0
      Locals:         4       0       0       0       0       0       0       0       0       0       0       0       0       0       0       0
      Temps:          0       0       0       0       0       0       0       0       0       0       0       0       0       0       0       0
      Totals:         4       0       0       0       0       0       0       0       0       0       0       0       0       0       0       0
Total ram usage:        4 bytes
 Hardware stack levels used:    1
 This function calls:
		Nothing
 This function is called by:
		_isr
 This function uses a non-reentrant model


 *************** function ___awdiv *****************
 Defined at:
		line 8 in file "C:\Program Files (x86)\Microchip\xc8\v1.45\sources\common\awdiv.c"
 Parameters:    Size  Location     Type
  dividend        2    0[COMRAM] int 
  divisor         2    2[COMRAM] int 
 Auto vars:     Size  Location     Type
  quotient        2    6[COMRAM] int 
  sign            1    5[COMRAM] unsigned char 
  counter         1    4[COMRAM] unsigned char 
 Return value:  Size  Location     Type
                  2    0[COMRAM] int 
 Registers used:
		wreg, status,2, status,0
 Tracked objects:
		On entry : 
		On exit  : 
		Unchanged: 
 Data sizes:     COMRAM   BANK0   BANK1   BANK2   BANK3   BANK4   BANK5   BANK6   BANK7   BANK8   BANK9  BANK10  BANK11  BANK12  BANK13  BANK14
      Params:         4       0       0       0       0       0       0       0       0       0       0       0       0       0       0       0
      Locals:         4       0       0       0       0       0       0       0       0       0       0       0       0       0       0       0
      Temps:          0       0       0       0       0       0       0       0       0       0       0       0       0       0       0       0
      Totals:         8       0       0       0       0       0       0       0       0       0       0       0       0       0       0       0
Total ram usage:        8 bytes
 Hardware stack levels used:    1
 This function calls:
		Nothing
 This function is called by:
		_isr
 This function uses a non-reentrant model



MODULE INFORMATION

Module		Function		Class		Link	Load	Size
hmiMain.c
		_lcd_legend    		CODE           	3658	0000	253
		_putch         		CODE           	4B38	0000	33
		_timer2_config 		CODE           	4A74	0000	43
		_main          		CODE           	2CC8	0000	287
		_isr           		CODE           	0008	0000	2341
		_uart1_config  		CODE           	41C6	0000	125
		_uart2_config  		CODE           	414A	0000	125
		_rw_eeprom     		CODE           	4548	0000	75

hmiMain.c estimated size: 3282

C:\Program Files (x86)\Microchip\xc8\v1.45\sources\common\doprnt.c
		_printf        		CODE           	2100	0000	651

C:\Program Files (x86)\Microchip\xc8\v1.45\sources\common\doprnt.c estimated size: 651

C:\Program Files (x86)\Microchip\xc8\v1.45\sources\common\lbdiv.c
		___lbdiv       		CODE           	49AC	0000	59

C:\Program Files (x86)\Microchip\xc8\v1.45\sources\common\lbdiv.c estimated size: 59

C:\Program Files (x86)\Microchip\xc8\v1.45\sources\common\Umul16.c
		___wmul        		CODE           	4AC8	0000	41

C:\Program Files (x86)\Microchip\xc8\v1.45\sources\common\Umul16.c estimated size: 41

tft.c
		_lcd_text      		CODE           	156E	0000	1119
		_lcd_memory_start		CODE           	4C48	0000	9
		_lcd_point     		CODE           	3E2E	0000	185
		_lcd_sign      		CODE           	2DE6	0000	285
		_lcd_set_background		CODE           	4242	0000	121
		_lcd_set_address		CODE           	44FA	0000	79
		_lcd_pix       		CODE           	3130	0000	279
		_lcd_write_bus 		CODE           	4C16	0000	15
		_lcd_pix_color 		CODE           	301A	0000	279
		_bitRead       		CODE           	48AC	0000	67
		_lcd_write_command		CODE           	4C04	0000	19
		_lcd_init      		CODE           	2A3C	0000	339
		_lcd_number    		CODE           	25D0	0000	449

tft.c estimated size: 3245

C:\Program Files (x86)\Microchip\xc8\v1.45\sources\common\isdigit.c
		_isdigit       		CODE           	4B16	0000	35

C:\Program Files (x86)\Microchip\xc8\v1.45\sources\common\isdigit.c estimated size: 35

C:\Program Files (x86)\Microchip\xc8\v1.45\sources\common\lwmod.c
		___lwmod       		CODE           	4824	0000	69

C:\Program Files (x86)\Microchip\xc8\v1.45\sources\common\lwmod.c estimated size: 69

eeprom.c
		_mem_write     		CODE           	4A48	0000	45
		_mem_read      		CODE           	4B94	0000	25

eeprom.c estimated size: 70

shared
		i2_printf      		CODE           	238A	0000	583
		i2_lcd_set_background		CODE           	432A	0000	111
		i2_lcd_legend  		CODE           	3B1C	0000	211
		_digitos       		MEDIUMCONST    	FC5B	0000	485
		i2_putch       		CODE           	4B58	0000	31
		i2_lcd_write_bus		CODE           	4C32	0000	13
		_debounceTime  		MEDIUMCONST    	FFA9	0000	2
		_dpowers       		MEDIUMCONST    	FF9F	0000	11
		i2_lcd_set_address		CODE           	496E	0000	63
		i2___lwdiv     		CODE           	44A8	0000	83
		i2_isdigit     		CODE           	4B76	0000	31
		i2_strcpy      		CODE           	4A18	0000	49
		i2_lcd_pix_color		CODE           	3754	0000	247
		i2_mem_write   		CODE           	4A9E	0000	43
		i2___wmul      		CODE           	4AF0	0000	39
		i2_rw_eeprom   		CODE           	4868	0000	69
		i2___lwmod     		CODE           	48EE	0000	67
		i2_lcd_write_command		CODE           	4C24	0000	15
		__initialization		CODE           	2F02	0000	267
		i2_lcd_text    		CODE           	19CC	0000	1045
		i2_lcd_memory_start		CODE           	4C50	0000	9
		i2_bitRead     		CODE           	4930	0000	63
		_texto         		MEDIUMCONST    	FE3F	0000	353
		i2_lcd_pix     		CODE           	384A	0000	247
		i2_mem_read    		CODE           	4BC4	0000	23

shared estimated size: 4160

C:\Program Files (x86)\Microchip\xc8\v1.45\sources\common\lwdiv.c
		___lwdiv       		CODE           	4454	0000	85

C:\Program Files (x86)\Microchip\xc8\v1.45\sources\common\lwdiv.c estimated size: 85

menu.c
		_menu_3        		CODE           	3CAE	0000	193
		_menu_6        		CODE           	4034	0000	147
		_menu_22       		CODE           	3A2E	0000	239
		_menu_41       		CODE           	46BA	0000	75
		_menu_25       		CODE           	4794	0000	73
		_menu_44       		CODE           	45DC	0000	75
		_menu_navigate 		CODE           	3246	0000	275
		_menu_init     		CODE           	43FC	0000	89
		_menu_1        		CODE           	2B8E	0000	315
		_menu_4        		CODE           	2790	0000	343
		_menu_21       		CODE           	4398	0000	101
		_menu_24       		CODE           	3D6E	0000	193
		_menu_43       		CODE           	4626	0000	75
		_menu_27       		CODE           	4704	0000	73
		_menu_2        		CODE           	28E6	0000	343
		_menu_5        		CODE           	3BEE	0000	193
		_menu_31       		CODE           	3940	0000	239
		_menu_23       		CODE           	47DC	0000	73
		_menu_42       		CODE           	4670	0000	75
		_menu_next     		CODE           	0930	0000	3135
		_menu_26       		CODE           	474C	0000	73
		_menu_45       		CODE           	4592	0000	75

menu.c estimated size: 6472

C:\Program Files (x86)\Microchip\xc8\v1.45\sources\common\awdiv.c
		___awdiv       		CODE           	40C6	0000	133

C:\Program Files (x86)\Microchip\xc8\v1.45\sources\common\awdiv.c estimated size: 133

gpio.c
		_gpio_init     		CODE           	4BF0	0000	21

gpio.c estimated size: 21

C:\Program Files (x86)\Microchip\xc8\v1.45\sources\common\lldiv.c
		___lldiv       		CODE           	3F9C	0000	153

C:\Program Files (x86)\Microchip\xc8\v1.45\sources\common\lldiv.c estimated size: 153

C:\Program Files (x86)\Microchip\xc8\v1.45\sources\common\strcpy.c
		_strcpy        		CODE           	49E6	0000	51

C:\Program Files (x86)\Microchip\xc8\v1.45\sources\common\strcpy.c estimated size: 51

keyboard.c
		_keyboard_init 		CODE           	4C3E	0000	11
		_key_trigger   		CODE           	4BDA	0000	23
		_key_pressed   		CODE           	1DE0	0000	801

keyboard.c estimated size: 835

